Archive member included to satisfy reference by file (symbol)

c:/program files (x86)/embitz/1.11/share/em_armgcc/bin/../lib/gcc/arm-none-eabi/5.4.1/../../../../arm-none-eabi/lib/armv6-m\libc.a(lib_a-exit.o)
                              c:/program files (x86)/embitz/1.11/share/em_armgcc/bin/../lib/gcc/arm-none-eabi/5.4.1/../../../../arm-none-eabi/lib/armv6-m/crt0.o (exit)
c:/program files (x86)/embitz/1.11/share/em_armgcc/bin/../lib/gcc/arm-none-eabi/5.4.1/../../../../arm-none-eabi/lib/armv6-m\libc.a(lib_a-impure.o)
                              c:/program files (x86)/embitz/1.11/share/em_armgcc/bin/../lib/gcc/arm-none-eabi/5.4.1/../../../../arm-none-eabi/lib/armv6-m\libc.a(lib_a-exit.o) (_global_impure_ptr)
c:/program files (x86)/embitz/1.11/share/em_armgcc/bin/../lib/gcc/arm-none-eabi/5.4.1/../../../../arm-none-eabi/lib/armv6-m\libc.a(lib_a-init.o)
                              c:/program files (x86)/embitz/1.11/share/em_armgcc/bin/../lib/gcc/arm-none-eabi/5.4.1/../../../../arm-none-eabi/lib/armv6-m/crt0.o (__libc_init_array)
c:/program files (x86)/embitz/1.11/share/em_armgcc/bin/../lib/gcc/arm-none-eabi/5.4.1/../../../../arm-none-eabi/lib/armv6-m\libc.a(lib_a-memset.o)
                              c:/program files (x86)/embitz/1.11/share/em_armgcc/bin/../lib/gcc/arm-none-eabi/5.4.1/../../../../arm-none-eabi/lib/armv6-m/crt0.o (memset)
c:/program files (x86)/embitz/1.11/share/em_armgcc/bin/../lib/gcc/arm-none-eabi/5.4.1/../../../../arm-none-eabi/lib/armv6-m\libc.a(lib_a-__call_atexit.o)
                              c:/program files (x86)/embitz/1.11/share/em_armgcc/bin/../lib/gcc/arm-none-eabi/5.4.1/../../../../arm-none-eabi/lib/armv6-m\libc.a(lib_a-exit.o) (__call_exitprocs)
c:/program files (x86)/embitz/1.11/share/em_armgcc/bin/../lib/gcc/arm-none-eabi/5.4.1/../../../../arm-none-eabi/lib/armv6-m\libc.a(lib_a-atexit.o)
                              c:/program files (x86)/embitz/1.11/share/em_armgcc/bin/../lib/gcc/arm-none-eabi/5.4.1/../../../../arm-none-eabi/lib/armv6-m\libc.a(lib_a-__call_atexit.o) (atexit)
c:/program files (x86)/embitz/1.11/share/em_armgcc/bin/../lib/gcc/arm-none-eabi/5.4.1/../../../../arm-none-eabi/lib/armv6-m\libc.a(lib_a-fini.o)
                              c:/program files (x86)/embitz/1.11/share/em_armgcc/bin/../lib/gcc/arm-none-eabi/5.4.1/../../../../arm-none-eabi/lib/armv6-m\libc.a(lib_a-__call_atexit.o) (__libc_fini_array)
c:/program files (x86)/embitz/1.11/share/em_armgcc/bin/../lib/gcc/arm-none-eabi/5.4.1/../../../../arm-none-eabi/lib/armv6-m\libc.a(lib_a-__atexit.o)
                              c:/program files (x86)/embitz/1.11/share/em_armgcc/bin/../lib/gcc/arm-none-eabi/5.4.1/../../../../arm-none-eabi/lib/armv6-m\libc.a(lib_a-atexit.o) (__register_exitproc)
c:/program files (x86)/embitz/1.11/share/em_armgcc/bin/../lib/gcc/arm-none-eabi/5.4.1/../../../../arm-none-eabi/lib/armv6-m\libnosys.a(_exit.o)
                              c:/program files (x86)/embitz/1.11/share/em_armgcc/bin/../lib/gcc/arm-none-eabi/5.4.1/../../../../arm-none-eabi/lib/armv6-m\libc.a(lib_a-exit.o) (_exit)
c:/program files (x86)/embitz/1.11/share/em_armgcc/bin/../lib/gcc/arm-none-eabi/5.4.1/../../../../arm-none-eabi/lib/armv6-m\libc_n.a(lib_a-memcmp.o)
                              obj\debug\nrf5_sdk_12.3.0_d7731ad\components\ble\peer_manager\id_manager.o (memcmp)
c:/program files (x86)/embitz/1.11/share/em_armgcc/bin/../lib/gcc/arm-none-eabi/5.4.1/../../../../arm-none-eabi/lib/armv6-m\libc_n.a(lib_a-memcpy-stub.o)
                              obj\debug\main.o (memcpy)
c:/program files (x86)/embitz/1.11/share/em_armgcc/bin/../lib/gcc/arm-none-eabi/5.4.1/../../../../arm-none-eabi/lib/armv6-m\libc_n.a(lib_a-strcpy.o)
                              obj\debug\nrf5_sdk_12.3.0_d7731ad\external\segger_rtt\segger_rtt.o (strcpy)
c:/program files (x86)/embitz/1.11/share/em_armgcc/bin/../lib/gcc/arm-none-eabi/5.4.1/../../../../arm-none-eabi/lib/armv6-m\libc_n.a(lib_a-strlen.o)
                              obj\debug\main.o (strlen)
c:/program files (x86)/embitz/1.11/share/em_armgcc/bin/../lib/gcc/arm-none-eabi/5.4.1/armv6-m\libgcc.a(_udivsi3.o)
                              obj\debug\nrf5_sdk_12.3.0_d7731ad\components\libraries\bsp\bsp.o (__aeabi_uidiv)
c:/program files (x86)/embitz/1.11/share/em_armgcc/bin/../lib/gcc/arm-none-eabi/5.4.1/armv6-m\libgcc.a(_divsi3.o)
                              obj\debug\nrf5_sdk_12.3.0_d7731ad\components\ble\ble_advertising\ble_advertising.o (__aeabi_idivmod)
c:/program files (x86)/embitz/1.11/share/em_armgcc/bin/../lib/gcc/arm-none-eabi/5.4.1/armv6-m\libgcc.a(_dvmd_tls.o)
                              c:/program files (x86)/embitz/1.11/share/em_armgcc/bin/../lib/gcc/arm-none-eabi/5.4.1/armv6-m\libgcc.a(_udivsi3.o) (__aeabi_idiv0)

Allocating common symbols
Common symbol       size              file

nrf_nvic_state      0x8               obj\debug\nrf5_sdk_12.3.0_d7731ad\components\libraries\util\app_util_platform.o
[...]
Memory Configuration

Name             Origin             Length             Attributes
FLASH            0x0001b000         0x00025000         xr
RAM              0x20001fe8         0x00006018         xrw
*default*        0x00000000         0xffffffff

Linker script and memory map


.text           0x0001b000    0x18234
 *(.isr_vector)
 .isr_vector    0x0001b000       0xc0 obj\debug\nrf5_sdk_12.3.0_d7731ad\components\toolchain\gcc\gcc_startup_nrf51.o
                0x0001b000                __isr_vector
 *(.text*)
 .text          0x0001b0c0        0x0 c:/program files (x86)/embitz/1.11/share/em_armgcc/bin/../lib/gcc/arm-none-eabi/5.4.1/armv6-m/crti.o
 .text          0x0001b0c0       0x60 c:/program files (x86)/embitz/1.11/share/em_armgcc/bin/../lib/gcc/arm-none-eabi/5.4.1/armv6-m/crtbegin.o
 .text          0x0001b120       0x78 c:/program files (x86)/embitz/1.11/share/em_armgcc/bin/../lib/gcc/arm-none-eabi/5.4.1/../../../../arm-none-eabi/lib/armv6-m/crt0.o
                0x0001b120                _start
                0x0001b120                _mainCRTStartup
 .text          0x0001b198        0x0 c:/program files (x86)/embitz/1.11/share/em_armgcc/bin/../lib/gcc/arm-none-eabi/5.4.1/../../../../arm-none-eabi/lib/armv6-m\libc.a(lib_a-exit.o)
 .text.exit     0x0001b198       0x20 c:/program files (x86)/embitz/1.11/share/em_armgcc/bin/../lib/gcc/arm-none-eabi/5.4.1/../../../../arm-none-eabi/lib/armv6-m\libc.a(lib_a-exit.o)
                0x0001b198                exit
 .text          0x0001b1b8        0x0 c:/program files (x86)/embitz/1.11/share/em_armgcc/bin/../lib/gcc/arm-none-eabi/5.4.1/../../../../arm-none-eabi/lib/armv6-m\libc.a(lib_a-impure.o)
 .text          0x0001b1b8        0x0 c:/program files (x86)/embitz/1.11/share/em_armgcc/bin/../lib/gcc/arm-none-eabi/5.4.1/../../../../arm-none-eabi/lib/armv6-m\libc.a(lib_a-init.o)
 .text.__libc_init_array
                0x0001b1b8       0x48 c:/program files (x86)/embitz/1.11/share/em_armgcc/bin/../lib/gcc/arm-none-eabi/5.4.1/../../../../arm-none-eabi/lib/armv6-m\libc.a(lib_a-init.o)
                0x0001b1b8                __libc_init_array
 .text          0x0001b200        0x0 c:/program files (x86)/embitz/1.11/share/em_armgcc/bin/../lib/gcc/arm-none-eabi/5.4.1/../../../../arm-none-eabi/lib/armv6-m\libc.a(lib_a-memset.o)
 .text.memset   0x0001b200       0x8c c:/program files (x86)/embitz/1.11/share/em_armgcc/bin/../lib/gcc/arm-none-eabi/5.4.1/../../../../arm-none-eabi/lib/armv6-m\libc.a(lib_a-memset.o)
                0x0001b200                memset
 .text          0x0001b28c        0x0 c:/program files (x86)/embitz/1.11/share/em_armgcc/bin/../lib/gcc/arm-none-eabi/5.4.1/../../../../arm-none-eabi/lib/armv6-m\libc.a(lib_a-__call_atexit.o)
 .text.startup.register_fini
                0x0001b28c       0x18 c:/program files (x86)/embitz/1.11/share/em_armgcc/bin/../lib/gcc/arm-none-eabi/5.4.1/../../../../arm-none-eabi/lib/armv6-m\libc.a(lib_a-__call_atexit.o)
 .text.__call_exitprocs
                0x0001b2a4       0xfc c:/program files (x86)/embitz/1.11/share/em_armgcc/bin/../lib/gcc/arm-none-eabi/5.4.1/../../../../arm-none-eabi/lib/armv6-m\libc.a(lib_a-__call_atexit.o)
                0x0001b2a4                __call_exitprocs
 .text          0x0001b3a0        0x0 c:/program files (x86)/embitz/1.11/share/em_armgcc/bin/../lib/gcc/arm-none-eabi/5.4.1/../../../../arm-none-eabi/lib/armv6-m\libc.a(lib_a-atexit.o)
 .text.atexit   0x0001b3a0       0x10 c:/program files (x86)/embitz/1.11/share/em_armgcc/bin/../lib/gcc/arm-none-eabi/5.4.1/../../../../arm-none-eabi/lib/armv6-m\libc.a(lib_a-atexit.o)
                0x0001b3a0                atexit
 .text          0x0001b3b0        0x0 c:/program files (x86)/embitz/1.11/share/em_armgcc/bin/../lib/gcc/arm-none-eabi/5.4.1/../../../../arm-none-eabi/lib/armv6-m\libc.a(lib_a-fini.o)
 .text.__libc_fini_array
                0x0001b3b0       0x34 c:/program files (x86)/embitz/1.11/share/em_armgcc/bin/../lib/gcc/arm-none-eabi/5.4.1/../../../../arm-none-eabi/lib/armv6-m\libc.a(lib_a-fini.o)
                0x0001b3b0                __libc_fini_array
 .text          0x0001b3e4        0x0 c:/program files (x86)/embitz/1.11/share/em_armgcc/bin/../lib/gcc/arm-none-eabi/5.4.1/../../../../arm-none-eabi/lib/armv6-m\libc.a(lib_a-__atexit.o)
 .text.__register_exitproc
                0x0001b3e4       0xd4 c:/program files (x86)/embitz/1.11/share/em_armgcc/bin/../lib/gcc/arm-none-eabi/5.4.1/../../../../arm-none-eabi/lib/armv6-m\libc.a(lib_a-__atexit.o)
                0x0001b3e4                __register_exitproc
 .text          0x0001b4b8        0x0 c:/program files (x86)/embitz/1.11/share/em_armgcc/bin/../lib/gcc/arm-none-eabi/5.4.1/../../../../arm-none-eabi/lib/armv6-m\libnosys.a(_exit.o)
 .text._exit    0x0001b4b8        0x4 c:/program files (x86)/embitz/1.11/share/em_armgcc/bin/../lib/gcc/arm-none-eabi/5.4.1/../../../../arm-none-eabi/lib/armv6-m\libnosys.a(_exit.o)
                0x0001b4b8                _exit
 .text          0x0001b4bc        0x0 obj\debug\main.o
 .text.sd_ble_gap_address_set
                0x0001b4bc        0x8 obj\debug\main.o
 .text.sd_ble_gap_address_get
                0x0001b4c4        0x8 obj\debug\main.o
 .text.sd_ble_gap_adv_data_set
                0x0001b4cc        0x8 obj\debug\main.o
 .text.sd_ble_gap_adv_start
                0x0001b4d4        0x8 obj\debug\main.o
 .text.sd_ble_gap_adv_stop
                0x0001b4dc        0x8 obj\debug\main.o
 .text.sd_ble_gap_conn_param_update
                0x0001b4e4        0x8 obj\debug\main.o
 .text.sd_ble_gap_disconnect
                0x0001b4ec        0x8 obj\debug\main.o
 .text.sd_ble_gap_tx_power_set
                0x0001b4f4        0x8 obj\debug\main.o
 .text.sd_ble_gap_appearance_set
                0x0001b4fc        0x8 obj\debug\main.o
 .text.sd_ble_gap_appearance_get
                0x0001b504        0x8 obj\debug\main.o
 .text.sd_ble_gap_ppcp_set
                0x0001b50c        0x8 obj\debug\main.o
 .text.sd_ble_gap_ppcp_get
                0x0001b514        0x8 obj\debug\main.o
 .text.sd_ble_gap_device_name_set
                0x0001b51c        0x8 obj\debug\main.o
 .text.sd_ble_gap_device_name_get
                0x0001b524        0x8 obj\debug\main.o
 .text.sd_ble_gap_authenticate
                0x0001b52c        0x8 obj\debug\main.o
 .text.sd_ble_gap_sec_params_reply
                0x0001b534        0x8 obj\debug\main.o
 .text.sd_ble_gap_auth_key_reply
                0x0001b53c        0x8 obj\debug\main.o
 .text.sd_ble_gap_lesc_dhkey_reply
                0x0001b544        0x8 obj\debug\main.o
 .text.sd_ble_gap_keypress_notify
                0x0001b54c        0x8 obj\debug\main.o
 .text.sd_ble_gap_lesc_oob_data_get
                0x0001b554        0x8 obj\debug\main.o
 .text.sd_ble_gap_lesc_oob_data_set
                0x0001b55c        0x8 obj\debug\main.o
 .text.sd_ble_gap_encrypt
                0x0001b564        0x8 obj\debug\main.o
 .text.sd_ble_gap_sec_info_reply
                0x0001b56c        0x8 obj\debug\main.o
 .text.sd_ble_gap_conn_sec_get
                0x0001b574        0x8 obj\debug\main.o
 .text.sd_ble_gap_rssi_start
                0x0001b57c        0x8 obj\debug\main.o
 .text.sd_ble_gap_rssi_stop
                0x0001b584        0x8 obj\debug\main.o
 .text.sd_ble_gap_rssi_get
                0x0001b58c        0x8 obj\debug\main.o
 .text.sd_ble_gap_scan_start
                0x0001b594        0x8 obj\debug\main.o
 .text.sd_ble_gap_scan_stop
                0x0001b59c        0x8 obj\debug\main.o
 .text.sd_ble_gap_connect
                0x0001b5a4        0x8 obj\debug\main.o
 .text.sd_ble_gap_connect_cancel
                0x0001b5ac        0x8 obj\debug\main.o
 .text.sd_ble_l2cap_cid_register
                0x0001b5b4        0x8 obj\debug\main.o
 .text.sd_ble_l2cap_cid_unregister
                0x0001b5bc        0x8 obj\debug\main.o
 .text.sd_ble_l2cap_tx
                0x0001b5c4        0x8 obj\debug\main.o
 .text.sd_ble_gattc_primary_services_discover
                0x0001b5cc        0x8 obj\debug\main.o
 .text.sd_ble_gattc_relationships_discover
                0x0001b5d4        0x8 obj\debug\main.o
 .text.sd_ble_gattc_characteristics_discover
                0x0001b5dc        0x8 obj\debug\main.o
 .text.sd_ble_gattc_descriptors_discover
                0x0001b5e4        0x8 obj\debug\main.o
 .text.sd_ble_gattc_char_value_by_uuid_read
                0x0001b5ec        0x8 obj\debug\main.o
 .text.sd_ble_gattc_read
                0x0001b5f4        0x8 obj\debug\main.o
 .text.sd_ble_gattc_char_values_read
                0x0001b5fc        0x8 obj\debug\main.o
 .text.sd_ble_gattc_write
                0x0001b604        0x8 obj\debug\main.o
 .text.sd_ble_gattc_hv_confirm
                0x0001b60c        0x8 obj\debug\main.o
 .text.sd_ble_gattc_attr_info_discover
                0x0001b614        0x8 obj\debug\main.o
 .text.sd_ble_gatts_service_add
                0x0001b61c        0x8 obj\debug\main.o
 .text.sd_ble_gatts_include_add
                0x0001b624        0x8 obj\debug\main.o
 .text.sd_ble_gatts_characteristic_add
                0x0001b62c        0x8 obj\debug\main.o
 .text.sd_ble_gatts_descriptor_add
                0x0001b634        0x8 obj\debug\main.o
 .text.sd_ble_gatts_value_set
                0x0001b63c        0x8 obj\debug\main.o
 .text.sd_ble_gatts_value_get
                0x0001b644        0x8 obj\debug\main.o
 .text.sd_ble_gatts_hvx
                0x0001b64c        0x8 obj\debug\main.o
 .text.sd_ble_gatts_service_changed
                0x0001b654        0x8 obj\debug\main.o
 .text.sd_ble_gatts_rw_authorize_reply
                0x0001b65c        0x8 obj\debug\main.o
 .text.sd_ble_gatts_sys_attr_set
                0x0001b664        0x8 obj\debug\main.o
 .text.sd_ble_gatts_sys_attr_get
                0x0001b66c        0x8 obj\debug\main.o
 .text.sd_ble_gatts_initial_user_handle_get
                0x0001b674        0x8 obj\debug\main.o
 .text.sd_ble_gatts_attr_get
                0x0001b67c        0x8 obj\debug\main.o
 .text.sd_ble_enable
                0x0001b684        0x8 obj\debug\main.o
 .text.sd_ble_evt_get
                0x0001b68c        0x8 obj\debug\main.o
 .text.sd_ble_tx_packet_count_get
                0x0001b694        0x8 obj\debug\main.o
 .text.sd_ble_uuid_vs_add
                0x0001b69c        0x8 obj\debug\main.o
 .text.sd_ble_uuid_decode
                0x0001b6a4        0x8 obj\debug\main.o
 .text.sd_ble_uuid_encode
                0x0001b6ac        0x8 obj\debug\main.o
 .text.sd_ble_version_get
                0x0001b6b4        0x8 obj\debug\main.o
 .text.sd_ble_user_mem_reply
                0x0001b6bc        0x8 obj\debug\main.o
 .text.sd_ble_opt_set
                0x0001b6c4        0x8 obj\debug\main.o
 .text.sd_ble_opt_get
                0x0001b6cc        0x8 obj\debug\main.o
 .text.sd_mutex_new
                0x0001b6d4        0x8 obj\debug\main.o
 .text.sd_mutex_acquire
                0x0001b6dc        0x8 obj\debug\main.o
 .text.sd_mutex_release
                0x0001b6e4        0x8 obj\debug\main.o
 .text.sd_rand_application_pool_capacity_get
                0x0001b6ec        0x8 obj\debug\main.o
 .text.sd_rand_application_bytes_available_get
                0x0001b6f4        0x8 obj\debug\main.o
 .text.sd_rand_application_vector_get
                0x0001b6fc        0x8 obj\debug\main.o
 .text.sd_power_reset_reason_get
                0x0001b704        0x8 obj\debug\main.o
 .text.sd_power_reset_reason_clr
                0x0001b70c        0x8 obj\debug\main.o
 .text.sd_power_mode_set
                0x0001b714        0x8 obj\debug\main.o
 .text.sd_power_system_off
                0x0001b71c        0x8 obj\debug\main.o
 .text.sd_power_pof_enable
                0x0001b724        0x8 obj\debug\main.o
 .text.sd_power_pof_threshold_set
                0x0001b72c        0x8 obj\debug\main.o
 .text.sd_power_ramon_set
                0x0001b734        0x8 obj\debug\main.o
 .text.sd_power_ramon_clr
                0x0001b73c        0x8 obj\debug\main.o
 .text.sd_power_ramon_get
                0x0001b744        0x8 obj\debug\main.o
 .text.sd_power_gpregret_set
                0x0001b74c        0x8 obj\debug\main.o
 .text.sd_power_gpregret_clr
                0x0001b754        0x8 obj\debug\main.o
 .text.sd_power_gpregret_get
                0x0001b75c        0x8 obj\debug\main.o
 .text.sd_power_dcdc_mode_set
                0x0001b764        0x8 obj\debug\main.o
 .text.sd_clock_hfclk_request
                0x0001b76c        0x8 obj\debug\main.o
 .text.sd_clock_hfclk_release
                0x0001b774        0x8 obj\debug\main.o
 .text.sd_clock_hfclk_is_running
                0x0001b77c        0x8 obj\debug\main.o
 .text.sd_app_evt_wait
                0x0001b784        0x8 obj\debug\main.o
 .text.sd_ppi_channel_enable_get
                0x0001b78c        0x8 obj\debug\main.o
 .text.sd_ppi_channel_enable_set
                0x0001b794        0x8 obj\debug\main.o
 .text.sd_ppi_channel_enable_clr
                0x0001b79c        0x8 obj\debug\main.o
 .text.sd_ppi_channel_assign
                0x0001b7a4        0x8 obj\debug\main.o
 .text.sd_ppi_group_task_enable
                0x0001b7ac        0x8 obj\debug\main.o
 .text.sd_ppi_group_task_disable
                0x0001b7b4        0x8 obj\debug\main.o
 .text.sd_ppi_group_assign
                0x0001b7bc        0x8 obj\debug\main.o
 .text.sd_ppi_group_get
                0x0001b7c4        0x8 obj\debug\main.o
 .text.sd_radio_notification_cfg_set
                0x0001b7cc        0x8 obj\debug\main.o
 .text.sd_ecb_block_encrypt
                0x0001b7d4        0x8 obj\debug\main.o
 .text.sd_ecb_blocks_encrypt
                0x0001b7dc        0x8 obj\debug\main.o
 .text.sd_evt_get
                0x0001b7e4        0x8 obj\debug\main.o
 .text.sd_temp_get
                0x0001b7ec        0x8 obj\debug\main.o
 .text.sd_flash_write
                0x0001b7f4        0x8 obj\debug\main.o
 .text.sd_flash_page_erase
                0x0001b7fc        0x8 obj\debug\main.o
 .text.sd_flash_protect
                0x0001b804        0x8 obj\debug\main.o
 .text.sd_radio_session_open
                0x0001b80c        0x8 obj\debug\main.o
 .text.sd_radio_session_close
                0x0001b814        0x8 obj\debug\main.o
 .text.sd_radio_request
                0x0001b81c        0x8 obj\debug\main.o
 .text.sd_softdevice_enable
                0x0001b824        0x8 obj\debug\main.o
 .text.sd_softdevice_disable
                0x0001b82c        0x8 obj\debug\main.o
 .text.sd_softdevice_is_enabled
                0x0001b834        0x8 obj\debug\main.o
 .text.sd_softdevice_vector_table_base_set
                0x0001b83c        0x8 obj\debug\main.o
 .text.assert_nrf_callback
                0x0001b844       0x28 obj\debug\main.o
                0x0001b844                assert_nrf_callback
 .text.pm_evt_handler
                0x0001b86c       0xe4 obj\debug\main.o
 .text.timers_init
                0x0001b950       0x34 obj\debug\main.o
 .text.gap_params_init
                0x0001b984       0xa4 obj\debug\main.o
 .text.services_init
                0x0001ba28        0xc obj\debug\main.o
 .text.on_conn_params_evt
                0x0001ba34       0x40 obj\debug\main.o
 .text.conn_params_error_handler
                0x0001ba74       0x18 obj\debug\main.o
 .text.conn_params_init
                0x0001ba8c       0x74 obj\debug\main.o
 .text.application_timers_start
                0x0001bb00        0xc obj\debug\main.o
 .text.sleep_mode_enter
                0x0001bb0c       0x60 obj\debug\main.o
 .text.on_adv_evt
                0x0001bb6c       0x48 obj\debug\main.o
 .text.on_ble_evt
                0x0001bbb4      0x18c obj\debug\main.o
 .text.ble_evt_dispatch
                0x0001bd40       0x40 obj\debug\main.o
 .text.sys_evt_dispatch
                0x0001bd80       0x20 obj\debug\main.o
 .text.ble_stack_init
                0x0001bda0       0xd0 obj\debug\main.o
 .text.peer_manager_init
                0x0001be70      0x130 obj\debug\main.o
 .text.bsp_event_handler
                0x0001bfa0       0x90 obj\debug\main.o
 .text.advertising_init
                0x0001c030       0x98 obj\debug\main.o
 .text.buttons_leds_init
                0x0001c0c8       0x70 obj\debug\main.o
 .text.power_manage
                0x0001c138       0x28 obj\debug\main.o
 .text.advertising_start
                0x0001c160       0x2c obj\debug\main.o
 .text.main     0x0001c18c       0x6c obj\debug\main.o
                0x0001c18c                main
 .text          0x0001c1f8        0x0 obj\debug\nrf5_sdk_12.3.0_d7731ad\components\ble\ble_advertising\ble_advertising.o
 .text.sd_ble_gap_address_set
                0x0001c1f8        0x8 obj\debug\nrf5_sdk_12.3.0_d7731ad\components\ble\ble_advertising\ble_advertising.o
 .text.sd_ble_gap_address_get
                0x0001c200        0x8 obj\debug\nrf5_sdk_12.3.0_d7731ad\components\ble\ble_advertising\ble_advertising.o
 .text.sd_ble_gap_adv_data_set
                0x0001c208        0x8 obj\debug\nrf5_sdk_12.3.0_d7731ad\components\ble\ble_advertising\ble_advertising.o
 .text.sd_ble_gap_adv_start
                0x0001c210        0x8 obj\debug\nrf5_sdk_12.3.0_d7731ad\components\ble\ble_advertising\ble_advertising.o
 .text.sd_ble_gap_adv_stop
                0x0001c218        0x8 obj\debug\nrf5_sdk_12.3.0_d7731ad\components\ble\ble_advertising\ble_advertising.o
 .text.sd_ble_gap_conn_param_update
                0x0001c220        0x8 obj\debug\nrf5_sdk_12.3.0_d7731ad\components\ble\ble_advertising\ble_advertising.o
 .text.sd_ble_gap_disconnect
                0x0001c228        0x8 obj\debug\nrf5_sdk_12.3.0_d7731ad\components\ble\ble_advertising\ble_advertising.o
 .text.sd_ble_gap_tx_power_set
                0x0001c230        0x8 obj\debug\nrf5_sdk_12.3.0_d7731ad\components\ble\ble_advertising\ble_advertising.o
 .text.sd_ble_gap_appearance_set
                0x0001c238        0x8 obj\debug\nrf5_sdk_12.3.0_d7731ad\components\ble\ble_advertising\ble_advertising.o
 .text.sd_ble_gap_appearance_get
                0x0001c240        0x8 obj\debug\nrf5_sdk_12.3.0_d7731ad\components\ble\ble_advertising\ble_advertising.o
 .text.sd_ble_gap_ppcp_set
                0x0001c248        0x8 obj\debug\nrf5_sdk_12.3.0_d7731ad\components\ble\ble_advertising\ble_advertising.o
 .text.sd_ble_gap_ppcp_get
                0x0001c250        0x8 obj\debug\nrf5_sdk_12.3.0_d7731ad\components\ble\ble_advertising\ble_advertising.o
 .text.sd_ble_gap_device_name_set
                0x0001c258        0x8 obj\debug\nrf5_sdk_12.3.0_d7731ad\components\ble\ble_advertising\ble_advertising.o
 .text.sd_ble_gap_device_name_get
                0x0001c260        0x8 obj\debug\nrf5_sdk_12.3.0_d7731ad\components\ble\ble_advertising\ble_advertising.o
 .text.sd_ble_gap_authenticate
                0x0001c268        0x8 obj\debug\nrf5_sdk_12.3.0_d7731ad\components\ble\ble_advertising\ble_advertising.o
 .text.sd_ble_gap_sec_params_reply
                0x0001c270        0x8 obj\debug\nrf5_sdk_12.3.0_d7731ad\components\ble\ble_advertising\ble_advertising.o
 .text.sd_ble_gap_auth_key_reply
                0x0001c278        0x8 obj\debug\nrf5_sdk_12.3.0_d7731ad\components\ble\ble_advertising\ble_advertising.o
 .text.sd_ble_gap_lesc_dhkey_reply
                0x0001c280        0x8 obj\debug\nrf5_sdk_12.3.0_d7731ad\components\ble\ble_advertising\ble_advertising.o
 .text.sd_ble_gap_keypress_notify
                0x0001c288        0x8 obj\debug\nrf5_sdk_12.3.0_d7731ad\components\ble\ble_advertising\ble_advertising.o
 .text.sd_ble_gap_lesc_oob_data_get
                0x0001c290        0x8 obj\debug\nrf5_sdk_12.3.0_d7731ad\components\ble\ble_advertising\ble_advertising.o
 .text.sd_ble_gap_lesc_oob_data_set
                0x0001c298        0x8 obj\debug\nrf5_sdk_12.3.0_d7731ad\components\ble\ble_advertising\ble_advertising.o
 .text.sd_ble_gap_encrypt
                0x0001c2a0        0x8 obj\debug\nrf5_sdk_12.3.0_d7731ad\components\ble\ble_advertising\ble_advertising.o
 .text.sd_ble_gap_sec_info_reply
                0x0001c2a8        0x8 obj\debug\nrf5_sdk_12.3.0_d7731ad\components\ble\ble_advertising\ble_advertising.o
 .text.sd_ble_gap_conn_sec_get
                0x0001c2b0        0x8 obj\debug\nrf5_sdk_12.3.0_d7731ad\components\ble\ble_advertising\ble_advertising.o
 .text.sd_ble_gap_rssi_start
                0x0001c2b8        0x8 obj\debug\nrf5_sdk_12.3.0_d7731ad\components\ble\ble_advertising\ble_advertising.o
 .text.sd_ble_gap_rssi_stop
                0x0001c2c0        0x8 obj\debug\nrf5_sdk_12.3.0_d7731ad\components\ble\ble_advertising\ble_advertising.o
 .text.sd_ble_gap_rssi_get
                0x0001c2c8        0x8 obj\debug\nrf5_sdk_12.3.0_d7731ad\components\ble\ble_advertising\ble_advertising.o
 .text.sd_ble_gap_scan_start
                0x0001c2d0        0x8 obj\debug\nrf5_sdk_12.3.0_d7731ad\components\ble\ble_advertising\ble_advertising.o
 .text.sd_ble_gap_scan_stop
                0x0001c2d8        0x8 obj\debug\nrf5_sdk_12.3.0_d7731ad\components\ble\ble_advertising\ble_advertising.o
 .text.sd_ble_gap_connect
                0x0001c2e0        0x8 obj\debug\nrf5_sdk_12.3.0_d7731ad\components\ble\ble_advertising\ble_advertising.o
 .text.sd_ble_gap_connect_cancel
                0x0001c2e8        0x8 obj\debug\nrf5_sdk_12.3.0_d7731ad\components\ble\ble_advertising\ble_advertising.o
 .text.sd_ble_l2cap_cid_register
                0x0001c2f0        0x8 obj\debug\nrf5_sdk_12.3.0_d7731ad\components\ble\ble_advertising\ble_advertising.o
 .text.sd_ble_l2cap_cid_unregister
                0x0001c2f8        0x8 obj\debug\nrf5_sdk_12.3.0_d7731ad\components\ble\ble_advertising\ble_advertising.o
 .text.sd_ble_l2cap_tx
                0x0001c300        0x8 obj\debug\nrf5_sdk_12.3.0_d7731ad\components\ble\ble_advertising\ble_advertising.o
 .text.sd_ble_gattc_primary_services_discover
                0x0001c308        0x8 obj\debug\nrf5_sdk_12.3.0_d7731ad\components\ble\ble_advertising\ble_advertising.o
 .text.sd_ble_gattc_relationships_discover
                0x0001c310        0x8 obj\debug\nrf5_sdk_12.3.0_d7731ad\components\ble\ble_advertising\ble_advertising.o
 .text.sd_ble_gattc_characteristics_discover
                0x0001c318        0x8 obj\debug\nrf5_sdk_12.3.0_d7731ad\components\ble\ble_advertising\ble_advertising.o
 .text.sd_ble_gattc_descriptors_discover
                0x0001c320        0x8 obj\debug\nrf5_sdk_12.3.0_d7731ad\components\ble\ble_advertising\ble_advertising.o
 .text.sd_ble_gattc_char_value_by_uuid_read
                0x0001c328        0x8 obj\debug\nrf5_sdk_12.3.0_d7731ad\components\ble\ble_advertising\ble_advertising.o
 .text.sd_ble_gattc_read
                0x0001c330        0x8 obj\debug\nrf5_sdk_12.3.0_d7731ad\components\ble\ble_advertising\ble_advertising.o
 .text.sd_ble_gattc_char_values_read
                0x0001c338        0x8 obj\debug\nrf5_sdk_12.3.0_d7731ad\components\ble\ble_advertising\ble_advertising.o
 .text.sd_ble_gattc_write
                0x0001c340        0x8 obj\debug\nrf5_sdk_12.3.0_d7731ad\components\ble\ble_advertising\ble_advertising.o
 .text.sd_ble_gattc_hv_confirm
                0x0001c348        0x8 obj\debug\nrf5_sdk_12.3.0_d7731ad\components\ble\ble_advertising\ble_advertising.o
 .text.sd_ble_gattc_attr_info_discover
                0x0001c350        0x8 obj\debug\nrf5_sdk_12.3.0_d7731ad\components\ble\ble_advertising\ble_advertising.o
 .text.sd_ble_gatts_service_add
                0x0001c358        0x8 obj\debug\nrf5_sdk_12.3.0_d7731ad\components\ble\ble_advertising\ble_advertising.o
 .text.sd_ble_gatts_include_add
                0x0001c360        0x8 obj\debug\nrf5_sdk_12.3.0_d7731ad\components\ble\ble_advertising\ble_advertising.o
 .text.sd_ble_gatts_characteristic_add
                0x0001c368        0x8 obj\debug\nrf5_sdk_12.3.0_d7731ad\components\ble\ble_advertising\ble_advertising.o
 .text.sd_ble_gatts_descriptor_add
                0x0001c370        0x8 obj\debug\nrf5_sdk_12.3.0_d7731ad\components\ble\ble_advertising\ble_advertising.o
 .text.sd_ble_gatts_value_set
                0x0001c378        0x8 obj\debug\nrf5_sdk_12.3.0_d7731ad\components\ble\ble_advertising\ble_advertising.o
 .text.sd_ble_gatts_value_get
                0x0001c380        0x8 obj\debug\nrf5_sdk_12.3.0_d7731ad\components\ble\ble_advertising\ble_advertising.o
 .text.sd_ble_gatts_hvx
                0x0001c388        0x8 obj\debug\nrf5_sdk_12.3.0_d7731ad\components\ble\ble_advertising\ble_advertising.o
 .text.sd_ble_gatts_service_changed
                0x0001c390        0x8 obj\debug\nrf5_sdk_12.3.0_d7731ad\components\ble\ble_advertising\ble_advertising.o
 .text.sd_ble_gatts_rw_authorize_reply
                0x0001c398        0x8 obj\debug\nrf5_sdk_12.3.0_d7731ad\components\ble\ble_advertising\ble_advertising.o
 .text.sd_ble_gatts_sys_attr_set
                0x0001c3a0        0x8 obj\debug\nrf5_sdk_12.3.0_d7731ad\components\ble\ble_advertising\ble_advertising.o
 .text.sd_ble_gatts_sys_attr_get
                0x0001c3a8        0x8 obj\debug\nrf5_sdk_12.3.0_d7731ad\components\ble\ble_advertising\ble_advertising.o
 .text.sd_ble_gatts_initial_user_handle_get
                0x0001c3b0        0x8 obj\debug\nrf5_sdk_12.3.0_d7731ad\components\ble\ble_advertising\ble_advertising.o
 .text.sd_ble_gatts_attr_get
                0x0001c3b8        0x8 obj\debug\nrf5_sdk_12.3.0_d7731ad\components\ble\ble_advertising\ble_advertising.o
 .text.sd_ble_enable
                0x0001c3c0        0x8 obj\debug\nrf5_sdk_12.3.0_d7731ad\components\ble\ble_advertising\ble_advertising.o
 .text.sd_ble_evt_get
                0x0001c3c8        0x8 obj\debug\nrf5_sdk_12.3.0_d7731ad\components\ble\ble_advertising\ble_advertising.o
 .text.sd_ble_tx_packet_count_get
                0x0001c3d0        0x8 obj\debug\nrf5_sdk_12.3.0_d7731ad\components\ble\ble_advertising\ble_advertising.o
 .text.sd_ble_uuid_vs_add
                0x0001c3d8        0x8 obj\debug\nrf5_sdk_12.3.0_d7731ad\components\ble\ble_advertising\ble_advertising.o
 .text.sd_ble_uuid_decode
                0x0001c3e0        0x8 obj\debug\nrf5_sdk_12.3.0_d7731ad\components\ble\ble_advertising\ble_advertising.o
 .text.sd_ble_uuid_encode
                0x0001c3e8        0x8 obj\debug\nrf5_sdk_12.3.0_d7731ad\components\ble\ble_advertising\ble_advertising.o
 .text.sd_ble_version_get
                0x0001c3f0        0x8 obj\debug\nrf5_sdk_12.3.0_d7731ad\components\ble\ble_advertising\ble_advertising.o
 .text.sd_ble_user_mem_reply
                0x0001c3f8        0x8 obj\debug\nrf5_sdk_12.3.0_d7731ad\components\ble\ble_advertising\ble_advertising.o
 .text.sd_ble_opt_set
                0x0001c400        0x8 obj\debug\nrf5_sdk_12.3.0_d7731ad\components\ble\ble_advertising\ble_advertising.o
 .text.sd_ble_opt_get
                0x0001c408        0x8 obj\debug\nrf5_sdk_12.3.0_d7731ad\components\ble\ble_advertising\ble_advertising.o
 .text.sd_mutex_new
                0x0001c410        0x8 obj\debug\nrf5_sdk_12.3.0_d7731ad\components\ble\ble_advertising\ble_advertising.o
 .text.sd_mutex_acquire
                0x0001c418        0x8 obj\debug\nrf5_sdk_12.3.0_d7731ad\components\ble\ble_advertising\ble_advertising.o
 .text.sd_mutex_release
                0x0001c420        0x8 obj\debug\nrf5_sdk_12.3.0_d7731ad\components\ble\ble_advertising\ble_advertising.o
 .text.sd_rand_application_pool_capacity_get
                0x0001c428        0x8 obj\debug\nrf5_sdk_12.3.0_d7731ad\components\ble\ble_advertising\ble_advertising.o
 .text.sd_rand_application_bytes_available_get
                0x0001c430        0x8 obj\debug\nrf5_sdk_12.3.0_d7731ad\components\ble\ble_advertising\ble_advertising.o
 .text.sd_rand_application_vector_get
                0x0001c438        0x8 obj\debug\nrf5_sdk_12.3.0_d7731ad\components\ble\ble_advertising\ble_advertising.o
 .text.sd_power_reset_reason_get
                0x0001c440        0x8 obj\debug\nrf5_sdk_12.3.0_d7731ad\components\ble\ble_advertising\ble_advertising.o
 .text.sd_power_reset_reason_clr
                0x0001c448        0x8 obj\debug\nrf5_sdk_12.3.0_d7731ad\components\ble\ble_advertising\ble_advertising.o
 .text.sd_power_mode_set
                0x0001c450        0x8 obj\debug\nrf5_sdk_12.3.0_d7731ad\components\ble\ble_advertising\ble_advertising.o
 .text.sd_power_system_off
                0x0001c458        0x8 obj\debug\nrf5_sdk_12.3.0_d7731ad\components\ble\ble_advertising\ble_advertising.o
 .text.sd_power_pof_enable
                0x0001c460        0x8 obj\debug\nrf5_sdk_12.3.0_d7731ad\components\ble\ble_advertising\ble_advertising.o
 .text.sd_power_pof_threshold_set
                0x0001c468        0x8 obj\debug\nrf5_sdk_12.3.0_d7731ad\components\ble\ble_advertising\ble_advertising.o
 .text.sd_power_ramon_set
                0x0001c470        0x8 obj\debug\nrf5_sdk_12.3.0_d7731ad\components\ble\ble_advertising\ble_advertising.o
 .text.sd_power_ramon_clr
                0x0001c478        0x8 obj\debug\nrf5_sdk_12.3.0_d7731ad\components\ble\ble_advertising\ble_advertising.o
 .text.sd_power_ramon_get
                0x0001c480        0x8 obj\debug\nrf5_sdk_12.3.0_d7731ad\components\ble\ble_advertising\ble_advertising.o
 .text.sd_power_gpregret_set
                0x0001c488        0x8 obj\debug\nrf5_sdk_12.3.0_d7731ad\components\ble\ble_advertising\ble_advertising.o
 .text.sd_power_gpregret_clr
                0x0001c490        0x8 obj\debug\nrf5_sdk_12.3.0_d7731ad\components\ble\ble_advertising\ble_advertising.o
 .text.sd_power_gpregret_get
                0x0001c498        0x8 obj\debug\nrf5_sdk_12.3.0_d7731ad\components\ble\ble_advertising\ble_advertising.o
 .text.sd_power_dcdc_mode_set
                0x0001c4a0        0x8 obj\debug\nrf5_sdk_12.3.0_d7731ad\components\ble\ble_advertising\ble_advertising.o
 .text.sd_clock_hfclk_request
                0x0001c4a8        0x8 obj\debug\nrf5_sdk_12.3.0_d7731ad\components\ble\ble_advertising\ble_advertising.o
 .text.sd_clock_hfclk_release
                0x0001c4b0        0x8 obj\debug\nrf5_sdk_12.3.0_d7731ad\components\ble\ble_advertising\ble_advertising.o
 .text.sd_clock_hfclk_is_running
                0x0001c4b8        0x8 obj\debug\nrf5_sdk_12.3.0_d7731ad\components\ble\ble_advertising\ble_advertising.o
 .text.sd_app_evt_wait
                0x0001c4c0        0x8 obj\debug\nrf5_sdk_12.3.0_d7731ad\components\ble\ble_advertising\ble_advertising.o
 .text.sd_ppi_channel_enable_get
                0x0001c4c8        0x8 obj\debug\nrf5_sdk_12.3.0_d7731ad\components\ble\ble_advertising\ble_advertising.o
 .text.sd_ppi_channel_enable_set
                0x0001c4d0        0x8 obj\debug\nrf5_sdk_12.3.0_d7731ad\components\ble\ble_advertising\ble_advertising.o
 .text.sd_ppi_channel_enable_clr
                0x0001c4d8        0x8 obj\debug\nrf5_sdk_12.3.0_d7731ad\components\ble\ble_advertising\ble_advertising.o
 .text.sd_ppi_channel_assign
                0x0001c4e0        0x8 obj\debug\nrf5_sdk_12.3.0_d7731ad\components\ble\ble_advertising\ble_advertising.o
 .text.sd_ppi_group_task_enable
                0x0001c4e8        0x8 obj\debug\nrf5_sdk_12.3.0_d7731ad\components\ble\ble_advertising\ble_advertising.o
 .text.sd_ppi_group_task_disable
                0x0001c4f0        0x8 obj\debug\nrf5_sdk_12.3.0_d7731ad\components\ble\ble_advertising\ble_advertising.o
 .text.sd_ppi_group_assign
                0x0001c4f8        0x8 obj\debug\nrf5_sdk_12.3.0_d7731ad\components\ble\ble_advertising\ble_advertising.o
 .text.sd_ppi_group_get
                0x0001c500        0x8 obj\debug\nrf5_sdk_12.3.0_d7731ad\components\ble\ble_advertising\ble_advertising.o
 .text.sd_radio_notification_cfg_set
                0x0001c508        0x8 obj\debug\nrf5_sdk_12.3.0_d7731ad\components\ble\ble_advertising\ble_advertising.o
 .text.sd_ecb_block_encrypt
                0x0001c510        0x8 obj\debug\nrf5_sdk_12.3.0_d7731ad\components\ble\ble_advertising\ble_advertising.o
 .text.sd_ecb_blocks_encrypt
                0x0001c518        0x8 obj\debug\nrf5_sdk_12.3.0_d7731ad\components\ble\ble_advertising\ble_advertising.o
 .text.sd_evt_get
                0x0001c520        0x8 obj\debug\nrf5_sdk_12.3.0_d7731ad\components\ble\ble_advertising\ble_advertising.o
 .text.sd_temp_get
                0x0001c528        0x8 obj\debug\nrf5_sdk_12.3.0_d7731ad\components\ble\ble_advertising\ble_advertising.o
 .text.sd_flash_write
                0x0001c530        0x8 obj\debug\nrf5_sdk_12.3.0_d7731ad\components\ble\ble_advertising\ble_advertising.o
 .text.sd_flash_page_erase
                0x0001c538        0x8 obj\debug\nrf5_sdk_12.3.0_d7731ad\components\ble\ble_advertising\ble_advertising.o
 .text.sd_flash_protect
                0x0001c540        0x8 obj\debug\nrf5_sdk_12.3.0_d7731ad\components\ble\ble_advertising\ble_advertising.o
 .text.sd_radio_session_open
                0x0001c548        0x8 obj\debug\nrf5_sdk_12.3.0_d7731ad\components\ble\ble_advertising\ble_advertising.o
 .text.sd_radio_session_close
                0x0001c550        0x8 obj\debug\nrf5_sdk_12.3.0_d7731ad\components\ble\ble_advertising\ble_advertising.o
 .text.sd_radio_request
                0x0001c558        0x8 obj\debug\nrf5_sdk_12.3.0_d7731ad\components\ble\ble_advertising\ble_advertising.o
 .text.whitelist_has_entries
                0x0001c560       0x2c obj\debug\nrf5_sdk_12.3.0_d7731ad\components\ble\ble_advertising\ble_advertising.o
 .text.addr_is_valid
                0x0001c58c       0x34 obj\debug\nrf5_sdk_12.3.0_d7731ad\components\ble\ble_advertising\ble_advertising.o
 .text.adv_mode_next_get
                0x0001c5c0       0x28 obj\debug\nrf5_sdk_12.3.0_d7731ad\components\ble\ble_advertising\ble_advertising.o
 .text.on_connected
                0x0001c5e8       0x24 obj\debug\nrf5_sdk_12.3.0_d7731ad\components\ble\ble_advertising\ble_advertising.o
 .text.on_disconnected
                0x0001c60c       0x50 obj\debug\nrf5_sdk_12.3.0_d7731ad\components\ble\ble_advertising\ble_advertising.o
 .text.on_timeout
                0x0001c65c       0x50 obj\debug\nrf5_sdk_12.3.0_d7731ad\components\ble\ble_advertising\ble_advertising.o
 .text.flash_access_in_progress
                0x0001c6ac       0x20 obj\debug\nrf5_sdk_12.3.0_d7731ad\components\ble\ble_advertising\ble_advertising.o
 .text.adv_mode_next_avail_get
                0x0001c6cc       0x8c obj\debug\nrf5_sdk_12.3.0_d7731ad\components\ble\ble_advertising\ble_advertising.o
 .text.set_adv_mode_directed
                0x0001c758       0x38 obj\debug\nrf5_sdk_12.3.0_d7731ad\components\ble\ble_advertising\ble_advertising.o
 .text.set_adv_mode_directed_slow
                0x0001c790       0x44 obj\debug\nrf5_sdk_12.3.0_d7731ad\components\ble\ble_advertising\ble_advertising.o
 .text.set_adv_mode_fast
                0x0001c7d4       0x90 obj\debug\nrf5_sdk_12.3.0_d7731ad\components\ble\ble_advertising\ble_advertising.o
 .text.set_adv_mode_slow
                0x0001c864       0x90 obj\debug\nrf5_sdk_12.3.0_d7731ad\components\ble\ble_advertising\ble_advertising.o
 .text.ble_advertising_init
                0x0001c8f4      0x258 obj\debug\nrf5_sdk_12.3.0_d7731ad\components\ble\ble_advertising\ble_advertising.o
                0x0001c8f4                ble_advertising_init
 .text.ble_advertising_start
                0x0001cb4c      0x1cc obj\debug\nrf5_sdk_12.3.0_d7731ad\components\ble\ble_advertising\ble_advertising.o
                0x0001cb4c                ble_advertising_start
 .text.ble_advertising_on_ble_evt
                0x0001cd18       0x40 obj\debug\nrf5_sdk_12.3.0_d7731ad\components\ble\ble_advertising\ble_advertising.o
                0x0001cd18                ble_advertising_on_ble_evt
 .text.ble_advertising_on_sys_evt
                0x0001cd58       0x60 obj\debug\nrf5_sdk_12.3.0_d7731ad\components\ble\ble_advertising\ble_advertising.o
                0x0001cd58                ble_advertising_on_sys_evt
 .text.ble_advertising_peer_addr_reply
                0x0001cdb8       0x40 obj\debug\nrf5_sdk_12.3.0_d7731ad\components\ble\ble_advertising\ble_advertising.o
                0x0001cdb8                ble_advertising_peer_addr_reply
 .text.ble_advertising_whitelist_reply
                0x0001cdf8       0xb4 obj\debug\nrf5_sdk_12.3.0_d7731ad\components\ble\ble_advertising\ble_advertising.o
                0x0001cdf8                ble_advertising_whitelist_reply
 .text.ble_advertising_restart_without_whitelist
                0x0001ceac       0x70 obj\debug\nrf5_sdk_12.3.0_d7731ad\components\ble\ble_advertising\ble_advertising.o
                0x0001ceac                ble_advertising_restart_without_whitelist
 .text          0x0001cf1c        0x0 obj\debug\nrf5_sdk_12.3.0_d7731ad\components\ble\common\ble_advdata.o
 .text.sd_ble_gap_address_set
                0x0001cf1c        0x8 obj\debug\nrf5_sdk_12.3.0_d7731ad\components\ble\common\ble_advdata.o
 .text.sd_ble_gap_address_get
                0x0001cf24        0x8 obj\debug\nrf5_sdk_12.3.0_d7731ad\components\ble\common\ble_advdata.o
 .text.sd_ble_gap_adv_data_set
                0x0001cf2c        0x8 obj\debug\nrf5_sdk_12.3.0_d7731ad\components\ble\common\ble_advdata.o
 .text.sd_ble_gap_adv_start
                0x0001cf34        0x8 obj\debug\nrf5_sdk_12.3.0_d7731ad\components\ble\common\ble_advdata.o
 .text.sd_ble_gap_adv_stop
                0x0001cf3c        0x8 obj\debug\nrf5_sdk_12.3.0_d7731ad\components\ble\common\ble_advdata.o
 .text.sd_ble_gap_conn_param_update
                0x0001cf44        0x8 obj\debug\nrf5_sdk_12.3.0_d7731ad\components\ble\common\ble_advdata.o
 .text.sd_ble_gap_disconnect
                0x0001cf4c        0x8 obj\debug\nrf5_sdk_12.3.0_d7731ad\components\ble\common\ble_advdata.o
 .text.sd_ble_gap_tx_power_set
                0x0001cf54        0x8 obj\debug\nrf5_sdk_12.3.0_d7731ad\components\ble\common\ble_advdata.o
 .text.sd_ble_gap_appearance_set
                0x0001cf5c        0x8 obj\debug\nrf5_sdk_12.3.0_d7731ad\components\ble\common\ble_advdata.o
 .text.sd_ble_gap_appearance_get
                0x0001cf64        0x8 obj\debug\nrf5_sdk_12.3.0_d7731ad\components\ble\common\ble_advdata.o
 .text.sd_ble_gap_ppcp_set
                0x0001cf6c        0x8 obj\debug\nrf5_sdk_12.3.0_d7731ad\components\ble\common\ble_advdata.o
 .text.sd_ble_gap_ppcp_get
                0x0001cf74        0x8 obj\debug\nrf5_sdk_12.3.0_d7731ad\components\ble\common\ble_advdata.o
 .text.sd_ble_gap_device_name_set
                0x0001cf7c        0x8 obj\debug\nrf5_sdk_12.3.0_d7731ad\components\ble\common\ble_advdata.o
 .text.sd_ble_gap_device_name_get
                0x0001cf84        0x8 obj\debug\nrf5_sdk_12.3.0_d7731ad\components\ble\common\ble_advdata.o
 .text.sd_ble_gap_authenticate
                0x0001cf8c        0x8 obj\debug\nrf5_sdk_12.3.0_d7731ad\components\ble\common\ble_advdata.o
 .text.sd_ble_gap_sec_params_reply
                0x0001cf94        0x8 obj\debug\nrf5_sdk_12.3.0_d7731ad\components\ble\common\ble_advdata.o
 .text.sd_ble_gap_auth_key_reply
                0x0001cf9c        0x8 obj\debug\nrf5_sdk_12.3.0_d7731ad\components\ble\common\ble_advdata.o
 .text.sd_ble_gap_lesc_dhkey_reply
                0x0001cfa4        0x8 obj\debug\nrf5_sdk_12.3.0_d7731ad\components\ble\common\ble_advdata.o
 .text.sd_ble_gap_keypress_notify
                0x0001cfac        0x8 obj\debug\nrf5_sdk_12.3.0_d7731ad\components\ble\common\ble_advdata.o
 .text.sd_ble_gap_lesc_oob_data_get
                0x0001cfb4        0x8 obj\debug\nrf5_sdk_12.3.0_d7731ad\components\ble\common\ble_advdata.o
 .text.sd_ble_gap_lesc_oob_data_set
                0x0001cfbc        0x8 obj\debug\nrf5_sdk_12.3.0_d7731ad\components\ble\common\ble_advdata.o
 .text.sd_ble_gap_encrypt
                0x0001cfc4        0x8 obj\debug\nrf5_sdk_12.3.0_d7731ad\components\ble\common\ble_advdata.o
 .text.sd_ble_gap_sec_info_reply
                0x0001cfcc        0x8 obj\debug\nrf5_sdk_12.3.0_d7731ad\components\ble\common\ble_advdata.o
 .text.sd_ble_gap_conn_sec_get
                0x0001cfd4        0x8 obj\debug\nrf5_sdk_12.3.0_d7731ad\components\ble\common\ble_advdata.o
 .text.sd_ble_gap_rssi_start
                0x0001cfdc        0x8 obj\debug\nrf5_sdk_12.3.0_d7731ad\components\ble\common\ble_advdata.o
 .text.sd_ble_gap_rssi_stop
                0x0001cfe4        0x8 obj\debug\nrf5_sdk_12.3.0_d7731ad\components\ble\common\ble_advdata.o
 .text.sd_ble_gap_rssi_get
                0x0001cfec        0x8 obj\debug\nrf5_sdk_12.3.0_d7731ad\components\ble\common\ble_advdata.o
 .text.sd_ble_gap_scan_start
                0x0001cff4        0x8 obj\debug\nrf5_sdk_12.3.0_d7731ad\components\ble\common\ble_advdata.o
 .text.sd_ble_gap_scan_stop
                0x0001cffc        0x8 obj\debug\nrf5_sdk_12.3.0_d7731ad\components\ble\common\ble_advdata.o
 .text.sd_ble_gap_connect
                0x0001d004        0x8 obj\debug\nrf5_sdk_12.3.0_d7731ad\components\ble\common\ble_advdata.o
 .text.sd_ble_gap_connect_cancel
                0x0001d00c        0x8 obj\debug\nrf5_sdk_12.3.0_d7731ad\components\ble\common\ble_advdata.o
 .text.sd_ble_l2cap_cid_register
                0x0001d014        0x8 obj\debug\nrf5_sdk_12.3.0_d7731ad\components\ble\common\ble_advdata.o
 .text.sd_ble_l2cap_cid_unregister
                0x0001d01c        0x8 obj\debug\nrf5_sdk_12.3.0_d7731ad\components\ble\common\ble_advdata.o
 .text.sd_ble_l2cap_tx
                0x0001d024        0x8 obj\debug\nrf5_sdk_12.3.0_d7731ad\components\ble\common\ble_advdata.o
 .text.sd_ble_gattc_primary_services_discover
                0x0001d02c        0x8 obj\debug\nrf5_sdk_12.3.0_d7731ad\components\ble\common\ble_advdata.o
 .text.sd_ble_gattc_relationships_discover
                0x0001d034        0x8 obj\debug\nrf5_sdk_12.3.0_d7731ad\components\ble\common\ble_advdata.o
 .text.sd_ble_gattc_characteristics_discover
                0x0001d03c        0x8 obj\debug\nrf5_sdk_12.3.0_d7731ad\components\ble\common\ble_advdata.o
 .text.sd_ble_gattc_descriptors_discover
                0x0001d044        0x8 obj\debug\nrf5_sdk_12.3.0_d7731ad\components\ble\common\ble_advdata.o
 .text.sd_ble_gattc_char_value_by_uuid_read
                0x0001d04c        0x8 obj\debug\nrf5_sdk_12.3.0_d7731ad\components\ble\common\ble_advdata.o
 .text.sd_ble_gattc_read
                0x0001d054        0x8 obj\debug\nrf5_sdk_12.3.0_d7731ad\components\ble\common\ble_advdata.o
 .text.sd_ble_gattc_char_values_read
                0x0001d05c        0x8 obj\debug\nrf5_sdk_12.3.0_d7731ad\components\ble\common\ble_advdata.o
 .text.sd_ble_gattc_write
                0x0001d064        0x8 obj\debug\nrf5_sdk_12.3.0_d7731ad\components\ble\common\ble_advdata.o
 .text.sd_ble_gattc_hv_confirm
                0x0001d06c        0x8 obj\debug\nrf5_sdk_12.3.0_d7731ad\components\ble\common\ble_advdata.o
 .text.sd_ble_gattc_attr_info_discover
                0x0001d074        0x8 obj\debug\nrf5_sdk_12.3.0_d7731ad\components\ble\common\ble_advdata.o
 .text.sd_ble_gatts_service_add
                0x0001d07c        0x8 obj\debug\nrf5_sdk_12.3.0_d7731ad\components\ble\common\ble_advdata.o
 .text.sd_ble_gatts_include_add
                0x0001d084        0x8 obj\debug\nrf5_sdk_12.3.0_d7731ad\components\ble\common\ble_advdata.o
 .text.sd_ble_gatts_characteristic_add
                0x0001d08c        0x8 obj\debug\nrf5_sdk_12.3.0_d7731ad\components\ble\common\ble_advdata.o
 .text.sd_ble_gatts_descriptor_add
                0x0001d094        0x8 obj\debug\nrf5_sdk_12.3.0_d7731ad\components\ble\common\ble_advdata.o
 .text.sd_ble_gatts_value_set
                0x0001d09c        0x8 obj\debug\nrf5_sdk_12.3.0_d7731ad\components\ble\common\ble_advdata.o
 .text.sd_ble_gatts_value_get
                0x0001d0a4        0x8 obj\debug\nrf5_sdk_12.3.0_d7731ad\components\ble\common\ble_advdata.o
 .text.sd_ble_gatts_hvx
                0x0001d0ac        0x8 obj\debug\nrf5_sdk_12.3.0_d7731ad\components\ble\common\ble_advdata.o
 .text.sd_ble_gatts_service_changed
                0x0001d0b4        0x8 obj\debug\nrf5_sdk_12.3.0_d7731ad\components\ble\common\ble_advdata.o
 .text.sd_ble_gatts_rw_authorize_reply
                0x0001d0bc        0x8 obj\debug\nrf5_sdk_12.3.0_d7731ad\components\ble\common\ble_advdata.o
 .text.sd_ble_gatts_sys_attr_set
                0x0001d0c4        0x8 obj\debug\nrf5_sdk_12.3.0_d7731ad\components\ble\common\ble_advdata.o
 .text.sd_ble_gatts_sys_attr_get
                0x0001d0cc        0x8 obj\debug\nrf5_sdk_12.3.0_d7731ad\components\ble\common\ble_advdata.o
 .text.sd_ble_gatts_initial_user_handle_get
                0x0001d0d4        0x8 obj\debug\nrf5_sdk_12.3.0_d7731ad\components\ble\common\ble_advdata.o
 .text.sd_ble_gatts_attr_get
                0x0001d0dc        0x8 obj\debug\nrf5_sdk_12.3.0_d7731ad\components\ble\common\ble_advdata.o
 .text.sd_ble_enable
                0x0001d0e4        0x8 obj\debug\nrf5_sdk_12.3.0_d7731ad\components\ble\common\ble_advdata.o
 .text.sd_ble_evt_get
                0x0001d0ec        0x8 obj\debug\nrf5_sdk_12.3.0_d7731ad\components\ble\common\ble_advdata.o
 .text.sd_ble_tx_packet_count_get
                0x0001d0f4        0x8 obj\debug\nrf5_sdk_12.3.0_d7731ad\components\ble\common\ble_advdata.o
 .text.sd_ble_uuid_vs_add
                0x0001d0fc        0x8 obj\debug\nrf5_sdk_12.3.0_d7731ad\components\ble\common\ble_advdata.o
 .text.sd_ble_uuid_decode
                0x0001d104        0x8 obj\debug\nrf5_sdk_12.3.0_d7731ad\components\ble\common\ble_advdata.o
 .text.sd_ble_uuid_encode
                0x0001d10c        0x8 obj\debug\nrf5_sdk_12.3.0_d7731ad\components\ble\common\ble_advdata.o
 .text.sd_ble_version_get
                0x0001d114        0x8 obj\debug\nrf5_sdk_12.3.0_d7731ad\components\ble\common\ble_advdata.o
 .text.sd_ble_user_mem_reply
                0x0001d11c        0x8 obj\debug\nrf5_sdk_12.3.0_d7731ad\components\ble\common\ble_advdata.o
 .text.sd_ble_opt_set
                0x0001d124        0x8 obj\debug\nrf5_sdk_12.3.0_d7731ad\components\ble\common\ble_advdata.o
 .text.sd_ble_opt_get
                0x0001d12c        0x8 obj\debug\nrf5_sdk_12.3.0_d7731ad\components\ble\common\ble_advdata.o
 .text.uint16_encode
                0x0001d134       0x34 obj\debug\nrf5_sdk_12.3.0_d7731ad\components\ble\common\ble_advdata.o
 .text.ble_device_addr_encode
                0x0001d168       0xd0 obj\debug\nrf5_sdk_12.3.0_d7731ad\components\ble\common\ble_advdata.o
 .text.name_encode
                0x0001d238      0x164 obj\debug\nrf5_sdk_12.3.0_d7731ad\components\ble\common\ble_advdata.o
 .text.appearance_encode
                0x0001d39c       0xa0 obj\debug\nrf5_sdk_12.3.0_d7731ad\components\ble\common\ble_advdata.o
 .text.flags_encode
                0x0001d43c       0x8c obj\debug\nrf5_sdk_12.3.0_d7731ad\components\ble\common\ble_advdata.o
 .text.tx_power_level_encode
                0x0001d4c8       0x8c obj\debug\nrf5_sdk_12.3.0_d7731ad\components\ble\common\ble_advdata.o
 .text.uuid_list_sized_encode
                0x0001d554      0x194 obj\debug\nrf5_sdk_12.3.0_d7731ad\components\ble\common\ble_advdata.o
 .text.uuid_list_encode
                0x0001d6e8       0x80 obj\debug\nrf5_sdk_12.3.0_d7731ad\components\ble\common\ble_advdata.o
 .text.conn_int_check
                0x0001d768       0x80 obj\debug\nrf5_sdk_12.3.0_d7731ad\components\ble\common\ble_advdata.o
 .text.conn_int_encode
                0x0001d7e8       0xc8 obj\debug\nrf5_sdk_12.3.0_d7731ad\components\ble\common\ble_advdata.o
 .text.manuf_specific_data_encode
                0x0001d8b0       0xe4 obj\debug\nrf5_sdk_12.3.0_d7731ad\components\ble\common\ble_advdata.o
 .text.service_data_encode
                0x0001d994      0x118 obj\debug\nrf5_sdk_12.3.0_d7731ad\components\ble\common\ble_advdata.o
 .text.adv_data_encode
                0x0001daac      0x208 obj\debug\nrf5_sdk_12.3.0_d7731ad\components\ble\common\ble_advdata.o
                0x0001daac                adv_data_encode
 .text.advdata_check
                0x0001dcb4       0x24 obj\debug\nrf5_sdk_12.3.0_d7731ad\components\ble\common\ble_advdata.o
 .text.srdata_check
                0x0001dcd8       0x20 obj\debug\nrf5_sdk_12.3.0_d7731ad\components\ble\common\ble_advdata.o
 .text.ble_advdata_set
                0x0001dcf8       0xd8 obj\debug\nrf5_sdk_12.3.0_d7731ad\components\ble\common\ble_advdata.o
                0x0001dcf8                ble_advdata_set
 .text          0x0001ddd0        0x0 obj\debug\nrf5_sdk_12.3.0_d7731ad\components\ble\common\ble_conn_params.o
 .text.sd_ble_gap_address_set
                0x0001ddd0        0x8 obj\debug\nrf5_sdk_12.3.0_d7731ad\components\ble\common\ble_conn_params.o
 .text.sd_ble_gap_address_get
                0x0001ddd8        0x8 obj\debug\nrf5_sdk_12.3.0_d7731ad\components\ble\common\ble_conn_params.o
 .text.sd_ble_gap_adv_data_set
                0x0001dde0        0x8 obj\debug\nrf5_sdk_12.3.0_d7731ad\components\ble\common\ble_conn_params.o
 .text.sd_ble_gap_adv_start
                0x0001dde8        0x8 obj\debug\nrf5_sdk_12.3.0_d7731ad\components\ble\common\ble_conn_params.o
 .text.sd_ble_gap_adv_stop
                0x0001ddf0        0x8 obj\debug\nrf5_sdk_12.3.0_d7731ad\components\ble\common\ble_conn_params.o
 .text.sd_ble_gap_conn_param_update
                0x0001ddf8        0x8 obj\debug\nrf5_sdk_12.3.0_d7731ad\components\ble\common\ble_conn_params.o
 .text.sd_ble_gap_disconnect
                0x0001de00        0x8 obj\debug\nrf5_sdk_12.3.0_d7731ad\components\ble\common\ble_conn_params.o
 .text.sd_ble_gap_tx_power_set
                0x0001de08        0x8 obj\debug\nrf5_sdk_12.3.0_d7731ad\components\ble\common\ble_conn_params.o
 .text.sd_ble_gap_appearance_set
                0x0001de10        0x8 obj\debug\nrf5_sdk_12.3.0_d7731ad\components\ble\common\ble_conn_params.o
 .text.sd_ble_gap_appearance_get
                0x0001de18        0x8 obj\debug\nrf5_sdk_12.3.0_d7731ad\components\ble\common\ble_conn_params.o
 .text.sd_ble_gap_ppcp_set
                0x0001de20        0x8 obj\debug\nrf5_sdk_12.3.0_d7731ad\components\ble\common\ble_conn_params.o
 .text.sd_ble_gap_ppcp_get
                0x0001de28        0x8 obj\debug\nrf5_sdk_12.3.0_d7731ad\components\ble\common\ble_conn_params.o
 .text.sd_ble_gap_device_name_set
                0x0001de30        0x8 obj\debug\nrf5_sdk_12.3.0_d7731ad\components\ble\common\ble_conn_params.o
 .text.sd_ble_gap_device_name_get
                0x0001de38        0x8 obj\debug\nrf5_sdk_12.3.0_d7731ad\components\ble\common\ble_conn_params.o
 .text.sd_ble_gap_authenticate
                0x0001de40        0x8 obj\debug\nrf5_sdk_12.3.0_d7731ad\components\ble\common\ble_conn_params.o
 .text.sd_ble_gap_sec_params_reply
                0x0001de48        0x8 obj\debug\nrf5_sdk_12.3.0_d7731ad\components\ble\common\ble_conn_params.o
 .text.sd_ble_gap_auth_key_reply
                0x0001de50        0x8 obj\debug\nrf5_sdk_12.3.0_d7731ad\components\ble\common\ble_conn_params.o
 .text.sd_ble_gap_lesc_dhkey_reply
                0x0001de58        0x8 obj\debug\nrf5_sdk_12.3.0_d7731ad\components\ble\common\ble_conn_params.o
 .text.sd_ble_gap_keypress_notify
                0x0001de60        0x8 obj\debug\nrf5_sdk_12.3.0_d7731ad\components\ble\common\ble_conn_params.o
 .text.sd_ble_gap_lesc_oob_data_get
                0x0001de68        0x8 obj\debug\nrf5_sdk_12.3.0_d7731ad\components\ble\common\ble_conn_params.o
 .text.sd_ble_gap_lesc_oob_data_set
                0x0001de70        0x8 obj\debug\nrf5_sdk_12.3.0_d7731ad\components\ble\common\ble_conn_params.o
 .text.sd_ble_gap_encrypt
                0x0001de78        0x8 obj\debug\nrf5_sdk_12.3.0_d7731ad\components\ble\common\ble_conn_params.o
 .text.sd_ble_gap_sec_info_reply
                0x0001de80        0x8 obj\debug\nrf5_sdk_12.3.0_d7731ad\components\ble\common\ble_conn_params.o
 .text.sd_ble_gap_conn_sec_get
                0x0001de88        0x8 obj\debug\nrf5_sdk_12.3.0_d7731ad\components\ble\common\ble_conn_params.o
 .text.sd_ble_gap_rssi_start
                0x0001de90        0x8 obj\debug\nrf5_sdk_12.3.0_d7731ad\components\ble\common\ble_conn_params.o
 .text.sd_ble_gap_rssi_stop
                0x0001de98        0x8 obj\debug\nrf5_sdk_12.3.0_d7731ad\components\ble\common\ble_conn_params.o
 .text.sd_ble_gap_rssi_get
                0x0001dea0        0x8 obj\debug\nrf5_sdk_12.3.0_d7731ad\components\ble\common\ble_conn_params.o
 .text.sd_ble_gap_scan_start
                0x0001dea8        0x8 obj\debug\nrf5_sdk_12.3.0_d7731ad\components\ble\common\ble_conn_params.o
 .text.sd_ble_gap_scan_stop
                0x0001deb0        0x8 obj\debug\nrf5_sdk_12.3.0_d7731ad\components\ble\common\ble_conn_params.o
 .text.sd_ble_gap_connect
                0x0001deb8        0x8 obj\debug\nrf5_sdk_12.3.0_d7731ad\components\ble\common\ble_conn_params.o
 .text.sd_ble_gap_connect_cancel
                0x0001dec0        0x8 obj\debug\nrf5_sdk_12.3.0_d7731ad\components\ble\common\ble_conn_params.o
 .text.sd_ble_l2cap_cid_register
                0x0001dec8        0x8 obj\debug\nrf5_sdk_12.3.0_d7731ad\components\ble\common\ble_conn_params.o
 .text.sd_ble_l2cap_cid_unregister
                0x0001ded0        0x8 obj\debug\nrf5_sdk_12.3.0_d7731ad\components\ble\common\ble_conn_params.o
 .text.sd_ble_l2cap_tx
                0x0001ded8        0x8 obj\debug\nrf5_sdk_12.3.0_d7731ad\components\ble\common\ble_conn_params.o
 .text.sd_ble_gattc_primary_services_discover
                0x0001dee0        0x8 obj\debug\nrf5_sdk_12.3.0_d7731ad\components\ble\common\ble_conn_params.o
 .text.sd_ble_gattc_relationships_discover
                0x0001dee8        0x8 obj\debug\nrf5_sdk_12.3.0_d7731ad\components\ble\common\ble_conn_params.o
 .text.sd_ble_gattc_characteristics_discover
                0x0001def0        0x8 obj\debug\nrf5_sdk_12.3.0_d7731ad\components\ble\common\ble_conn_params.o
 .text.sd_ble_gattc_descriptors_discover
                0x0001def8        0x8 obj\debug\nrf5_sdk_12.3.0_d7731ad\components\ble\common\ble_conn_params.o
 .text.sd_ble_gattc_char_value_by_uuid_read
                0x0001df00        0x8 obj\debug\nrf5_sdk_12.3.0_d7731ad\components\ble\common\ble_conn_params.o
 .text.sd_ble_gattc_read
                0x0001df08        0x8 obj\debug\nrf5_sdk_12.3.0_d7731ad\components\ble\common\ble_conn_params.o
 .text.sd_ble_gattc_char_values_read
                0x0001df10        0x8 obj\debug\nrf5_sdk_12.3.0_d7731ad\components\ble\common\ble_conn_params.o
 .text.sd_ble_gattc_write
                0x0001df18        0x8 obj\debug\nrf5_sdk_12.3.0_d7731ad\components\ble\common\ble_conn_params.o
 .text.sd_ble_gattc_hv_confirm
                0x0001df20        0x8 obj\debug\nrf5_sdk_12.3.0_d7731ad\components\ble\common\ble_conn_params.o
 .text.sd_ble_gattc_attr_info_discover
                0x0001df28        0x8 obj\debug\nrf5_sdk_12.3.0_d7731ad\components\ble\common\ble_conn_params.o
 .text.sd_ble_gatts_service_add
                0x0001df30        0x8 obj\debug\nrf5_sdk_12.3.0_d7731ad\components\ble\common\ble_conn_params.o
 .text.sd_ble_gatts_include_add
                0x0001df38        0x8 obj\debug\nrf5_sdk_12.3.0_d7731ad\components\ble\common\ble_conn_params.o
 .text.sd_ble_gatts_characteristic_add
                0x0001df40        0x8 obj\debug\nrf5_sdk_12.3.0_d7731ad\components\ble\common\ble_conn_params.o
 .text.sd_ble_gatts_descriptor_add
                0x0001df48        0x8 obj\debug\nrf5_sdk_12.3.0_d7731ad\components\ble\common\ble_conn_params.o
 .text.sd_ble_gatts_value_set
                0x0001df50        0x8 obj\debug\nrf5_sdk_12.3.0_d7731ad\components\ble\common\ble_conn_params.o
 .text.sd_ble_gatts_value_get
                0x0001df58        0x8 obj\debug\nrf5_sdk_12.3.0_d7731ad\components\ble\common\ble_conn_params.o
 .text.sd_ble_gatts_hvx
                0x0001df60        0x8 obj\debug\nrf5_sdk_12.3.0_d7731ad\components\ble\common\ble_conn_params.o
 .text.sd_ble_gatts_service_changed
                0x0001df68        0x8 obj\debug\nrf5_sdk_12.3.0_d7731ad\components\ble\common\ble_conn_params.o
 .text.sd_ble_gatts_rw_authorize_reply
                0x0001df70        0x8 obj\debug\nrf5_sdk_12.3.0_d7731ad\components\ble\common\ble_conn_params.o
 .text.sd_ble_gatts_sys_attr_set
                0x0001df78        0x8 obj\debug\nrf5_sdk_12.3.0_d7731ad\components\ble\common\ble_conn_params.o
 .text.sd_ble_gatts_sys_attr_get
                0x0001df80        0x8 obj\debug\nrf5_sdk_12.3.0_d7731ad\components\ble\common\ble_conn_params.o
 .text.sd_ble_gatts_initial_user_handle_get
                0x0001df88        0x8 obj\debug\nrf5_sdk_12.3.0_d7731ad\components\ble\common\ble_conn_params.o
 .text.sd_ble_gatts_attr_get
                0x0001df90        0x8 obj\debug\nrf5_sdk_12.3.0_d7731ad\components\ble\common\ble_conn_params.o
 .text.sd_ble_enable
                0x0001df98        0x8 obj\debug\nrf5_sdk_12.3.0_d7731ad\components\ble\common\ble_conn_params.o
 .text.sd_ble_evt_get
                0x0001dfa0        0x8 obj\debug\nrf5_sdk_12.3.0_d7731ad\components\ble\common\ble_conn_params.o
 .text.sd_ble_tx_packet_count_get
                0x0001dfa8        0x8 obj\debug\nrf5_sdk_12.3.0_d7731ad\components\ble\common\ble_conn_params.o
 .text.sd_ble_uuid_vs_add
                0x0001dfb0        0x8 obj\debug\nrf5_sdk_12.3.0_d7731ad\components\ble\common\ble_conn_params.o
 .text.sd_ble_uuid_decode
                0x0001dfb8        0x8 obj\debug\nrf5_sdk_12.3.0_d7731ad\components\ble\common\ble_conn_params.o
 .text.sd_ble_uuid_encode
                0x0001dfc0        0x8 obj\debug\nrf5_sdk_12.3.0_d7731ad\components\ble\common\ble_conn_params.o
 .text.sd_ble_version_get
                0x0001dfc8        0x8 obj\debug\nrf5_sdk_12.3.0_d7731ad\components\ble\common\ble_conn_params.o
 .text.sd_ble_user_mem_reply
                0x0001dfd0        0x8 obj\debug\nrf5_sdk_12.3.0_d7731ad\components\ble\common\ble_conn_params.o
 .text.sd_ble_opt_set
                0x0001dfd8        0x8 obj\debug\nrf5_sdk_12.3.0_d7731ad\components\ble\common\ble_conn_params.o
 .text.sd_ble_opt_get
                0x0001dfe0        0x8 obj\debug\nrf5_sdk_12.3.0_d7731ad\components\ble\common\ble_conn_params.o
 .text.is_conn_params_ok
                0x0001dfe8       0x34 obj\debug\nrf5_sdk_12.3.0_d7731ad\components\ble\common\ble_conn_params.o
 .text.update_timeout_handler
                0x0001e01c       0xc4 obj\debug\nrf5_sdk_12.3.0_d7731ad\components\ble\common\ble_conn_params.o
 .text.ble_conn_params_init
                0x0001e0e0       0xa4 obj\debug\nrf5_sdk_12.3.0_d7731ad\components\ble\common\ble_conn_params.o
                0x0001e0e0                ble_conn_params_init
 .text.ble_conn_params_stop
                0x0001e184       0x18 obj\debug\nrf5_sdk_12.3.0_d7731ad\components\ble\common\ble_conn_params.o
                0x0001e184                ble_conn_params_stop
 .text.conn_params_negotiation
                0x0001e19c       0xb8 obj\debug\nrf5_sdk_12.3.0_d7731ad\components\ble\common\ble_conn_params.o
 .text.on_connect
                0x0001e254       0x44 obj\debug\nrf5_sdk_12.3.0_d7731ad\components\ble\common\ble_conn_params.o
 .text.on_disconnect
                0x0001e298       0x54 obj\debug\nrf5_sdk_12.3.0_d7731ad\components\ble\common\ble_conn_params.o
 .text.on_write
                0x0001e2ec       0x6c obj\debug\nrf5_sdk_12.3.0_d7731ad\components\ble\common\ble_conn_params.o
 .text.on_conn_params_update
                0x0001e358       0x24 obj\debug\nrf5_sdk_12.3.0_d7731ad\components\ble\common\ble_conn_params.o
 .text.ble_conn_params_on_ble_evt
                0x0001e37c       0x54 obj\debug\nrf5_sdk_12.3.0_d7731ad\components\ble\common\ble_conn_params.o
                0x0001e37c                ble_conn_params_on_ble_evt
 .text.ble_conn_params_change_conn_params
                0x0001e3d0       0xa4 obj\debug\nrf5_sdk_12.3.0_d7731ad\components\ble\common\ble_conn_params.o
                0x0001e3d0                ble_conn_params_change_conn_params
 .text          0x0001e474        0x0 obj\debug\nrf5_sdk_12.3.0_d7731ad\components\ble\common\ble_conn_state.o
 .text.sd_ble_gap_address_set
                0x0001e474        0x8 obj\debug\nrf5_sdk_12.3.0_d7731ad\components\ble\common\ble_conn_state.o
 .text.sd_ble_gap_address_get
                0x0001e47c        0x8 obj\debug\nrf5_sdk_12.3.0_d7731ad\components\ble\common\ble_conn_state.o
 .text.sd_ble_gap_adv_data_set
                0x0001e484        0x8 obj\debug\nrf5_sdk_12.3.0_d7731ad\components\ble\common\ble_conn_state.o
 .text.sd_ble_gap_adv_start
                0x0001e48c        0x8 obj\debug\nrf5_sdk_12.3.0_d7731ad\components\ble\common\ble_conn_state.o
 .text.sd_ble_gap_adv_stop
                0x0001e494        0x8 obj\debug\nrf5_sdk_12.3.0_d7731ad\components\ble\common\ble_conn_state.o
 .text.sd_ble_gap_conn_param_update
                0x0001e49c        0x8 obj\debug\nrf5_sdk_12.3.0_d7731ad\components\ble\common\ble_conn_state.o
 .text.sd_ble_gap_disconnect
                0x0001e4a4        0x8 obj\debug\nrf5_sdk_12.3.0_d7731ad\components\ble\common\ble_conn_state.o
 .text.sd_ble_gap_tx_power_set
                0x0001e4ac        0x8 obj\debug\nrf5_sdk_12.3.0_d7731ad\components\ble\common\ble_conn_state.o
 .text.sd_ble_gap_appearance_set
                0x0001e4b4        0x8 obj\debug\nrf5_sdk_12.3.0_d7731ad\components\ble\common\ble_conn_state.o
 .text.sd_ble_gap_appearance_get
                0x0001e4bc        0x8 obj\debug\nrf5_sdk_12.3.0_d7731ad\components\ble\common\ble_conn_state.o
 .text.sd_ble_gap_ppcp_set
                0x0001e4c4        0x8 obj\debug\nrf5_sdk_12.3.0_d7731ad\components\ble\common\ble_conn_state.o
 .text.sd_ble_gap_ppcp_get
                0x0001e4cc        0x8 obj\debug\nrf5_sdk_12.3.0_d7731ad\components\ble\common\ble_conn_state.o
 .text.sd_ble_gap_device_name_set
                0x0001e4d4        0x8 obj\debug\nrf5_sdk_12.3.0_d7731ad\components\ble\common\ble_conn_state.o
 .text.sd_ble_gap_device_name_get
                0x0001e4dc        0x8 obj\debug\nrf5_sdk_12.3.0_d7731ad\components\ble\common\ble_conn_state.o
 .text.sd_ble_gap_authenticate
                0x0001e4e4        0x8 obj\debug\nrf5_sdk_12.3.0_d7731ad\components\ble\common\ble_conn_state.o
 .text.sd_ble_gap_sec_params_reply
                0x0001e4ec        0x8 obj\debug\nrf5_sdk_12.3.0_d7731ad\components\ble\common\ble_conn_state.o
 .text.sd_ble_gap_auth_key_reply
                0x0001e4f4        0x8 obj\debug\nrf5_sdk_12.3.0_d7731ad\components\ble\common\ble_conn_state.o
 .text.sd_ble_gap_lesc_dhkey_reply
                0x0001e4fc        0x8 obj\debug\nrf5_sdk_12.3.0_d7731ad\components\ble\common\ble_conn_state.o
 .text.sd_ble_gap_keypress_notify
                0x0001e504        0x8 obj\debug\nrf5_sdk_12.3.0_d7731ad\components\ble\common\ble_conn_state.o
 .text.sd_ble_gap_lesc_oob_data_get
                0x0001e50c        0x8 obj\debug\nrf5_sdk_12.3.0_d7731ad\components\ble\common\ble_conn_state.o
 .text.sd_ble_gap_lesc_oob_data_set
                0x0001e514        0x8 obj\debug\nrf5_sdk_12.3.0_d7731ad\components\ble\common\ble_conn_state.o
 .text.sd_ble_gap_encrypt
                0x0001e51c        0x8 obj\debug\nrf5_sdk_12.3.0_d7731ad\components\ble\common\ble_conn_state.o
 .text.sd_ble_gap_sec_info_reply
                0x0001e524        0x8 obj\debug\nrf5_sdk_12.3.0_d7731ad\components\ble\common\ble_conn_state.o
 .text.sd_ble_gap_conn_sec_get
                0x0001e52c        0x8 obj\debug\nrf5_sdk_12.3.0_d7731ad\components\ble\common\ble_conn_state.o
 .text.sd_ble_gap_rssi_start
                0x0001e534        0x8 obj\debug\nrf5_sdk_12.3.0_d7731ad\components\ble\common\ble_conn_state.o
 .text.sd_ble_gap_rssi_stop
                0x0001e53c        0x8 obj\debug\nrf5_sdk_12.3.0_d7731ad\components\ble\common\ble_conn_state.o
 .text.sd_ble_gap_rssi_get
                0x0001e544        0x8 obj\debug\nrf5_sdk_12.3.0_d7731ad\components\ble\common\ble_conn_state.o
 .text.sd_ble_gap_scan_start
                0x0001e54c        0x8 obj\debug\nrf5_sdk_12.3.0_d7731ad\components\ble\common\ble_conn_state.o
 .text.sd_ble_gap_scan_stop
                0x0001e554        0x8 obj\debug\nrf5_sdk_12.3.0_d7731ad\components\ble\common\ble_conn_state.o
 .text.sd_ble_gap_connect
                0x0001e55c        0x8 obj\debug\nrf5_sdk_12.3.0_d7731ad\components\ble\common\ble_conn_state.o
 .text.sd_ble_gap_connect_cancel
                0x0001e564        0x8 obj\debug\nrf5_sdk_12.3.0_d7731ad\components\ble\common\ble_conn_state.o
 .text.sd_ble_l2cap_cid_register
                0x0001e56c        0x8 obj\debug\nrf5_sdk_12.3.0_d7731ad\components\ble\common\ble_conn_state.o
 .text.sd_ble_l2cap_cid_unregister
                0x0001e574        0x8 obj\debug\nrf5_sdk_12.3.0_d7731ad\components\ble\common\ble_conn_state.o
 .text.sd_ble_l2cap_tx
                0x0001e57c        0x8 obj\debug\nrf5_sdk_12.3.0_d7731ad\components\ble\common\ble_conn_state.o
 .text.sd_ble_gattc_primary_services_discover
                0x0001e584        0x8 obj\debug\nrf5_sdk_12.3.0_d7731ad\components\ble\common\ble_conn_state.o
 .text.sd_ble_gattc_relationships_discover
                0x0001e58c        0x8 obj\debug\nrf5_sdk_12.3.0_d7731ad\components\ble\common\ble_conn_state.o
 .text.sd_ble_gattc_characteristics_discover
                0x0001e594        0x8 obj\debug\nrf5_sdk_12.3.0_d7731ad\components\ble\common\ble_conn_state.o
 .text.sd_ble_gattc_descriptors_discover
                0x0001e59c        0x8 obj\debug\nrf5_sdk_12.3.0_d7731ad\components\ble\common\ble_conn_state.o
 .text.sd_ble_gattc_char_value_by_uuid_read
                0x0001e5a4        0x8 obj\debug\nrf5_sdk_12.3.0_d7731ad\components\ble\common\ble_conn_state.o
 .text.sd_ble_gattc_read
                0x0001e5ac        0x8 obj\debug\nrf5_sdk_12.3.0_d7731ad\components\ble\common\ble_conn_state.o
 .text.sd_ble_gattc_char_values_read
                0x0001e5b4        0x8 obj\debug\nrf5_sdk_12.3.0_d7731ad\components\ble\common\ble_conn_state.o
 .text.sd_ble_gattc_write
                0x0001e5bc        0x8 obj\debug\nrf5_sdk_12.3.0_d7731ad\components\ble\common\ble_conn_state.o
 .text.sd_ble_gattc_hv_confirm
                0x0001e5c4        0x8 obj\debug\nrf5_sdk_12.3.0_d7731ad\components\ble\common\ble_conn_state.o
 .text.sd_ble_gattc_attr_info_discover
                0x0001e5cc        0x8 obj\debug\nrf5_sdk_12.3.0_d7731ad\components\ble\common\ble_conn_state.o
 .text.sd_ble_gatts_service_add
                0x0001e5d4        0x8 obj\debug\nrf5_sdk_12.3.0_d7731ad\components\ble\common\ble_conn_state.o
 .text.sd_ble_gatts_include_add
                0x0001e5dc        0x8 obj\debug\nrf5_sdk_12.3.0_d7731ad\components\ble\common\ble_conn_state.o
 .text.sd_ble_gatts_characteristic_add
                0x0001e5e4        0x8 obj\debug\nrf5_sdk_12.3.0_d7731ad\components\ble\common\ble_conn_state.o
 .text.sd_ble_gatts_descriptor_add
                0x0001e5ec        0x8 obj\debug\nrf5_sdk_12.3.0_d7731ad\components\ble\common\ble_conn_state.o
 .text.sd_ble_gatts_value_set
                0x0001e5f4        0x8 obj\debug\nrf5_sdk_12.3.0_d7731ad\components\ble\common\ble_conn_state.o
 .text.sd_ble_gatts_value_get
                0x0001e5fc        0x8 obj\debug\nrf5_sdk_12.3.0_d7731ad\components\ble\common\ble_conn_state.o
 .text.sd_ble_gatts_hvx
                0x0001e604        0x8 obj\debug\nrf5_sdk_12.3.0_d7731ad\components\ble\common\ble_conn_state.o
 .text.sd_ble_gatts_service_changed
                0x0001e60c        0x8 obj\debug\nrf5_sdk_12.3.0_d7731ad\components\ble\common\ble_conn_state.o
 .text.sd_ble_gatts_rw_authorize_reply
                0x0001e614        0x8 obj\debug\nrf5_sdk_12.3.0_d7731ad\components\ble\common\ble_conn_state.o
 .text.sd_ble_gatts_sys_attr_set
                0x0001e61c        0x8 obj\debug\nrf5_sdk_12.3.0_d7731ad\components\ble\common\ble_conn_state.o
 .text.sd_ble_gatts_sys_attr_get
                0x0001e624        0x8 obj\debug\nrf5_sdk_12.3.0_d7731ad\components\ble\common\ble_conn_state.o
 .text.sd_ble_gatts_initial_user_handle_get
                0x0001e62c        0x8 obj\debug\nrf5_sdk_12.3.0_d7731ad\components\ble\common\ble_conn_state.o
 .text.sd_ble_gatts_attr_get
                0x0001e634        0x8 obj\debug\nrf5_sdk_12.3.0_d7731ad\components\ble\common\ble_conn_state.o
 .text.sd_ble_enable
                0x0001e63c        0x8 obj\debug\nrf5_sdk_12.3.0_d7731ad\components\ble\common\ble_conn_state.o
 .text.sd_ble_evt_get
                0x0001e644        0x8 obj\debug\nrf5_sdk_12.3.0_d7731ad\components\ble\common\ble_conn_state.o
 .text.sd_ble_tx_packet_count_get
                0x0001e64c        0x8 obj\debug\nrf5_sdk_12.3.0_d7731ad\components\ble\common\ble_conn_state.o
 .text.sd_ble_uuid_vs_add
                0x0001e654        0x8 obj\debug\nrf5_sdk_12.3.0_d7731ad\components\ble\common\ble_conn_state.o
 .text.sd_ble_uuid_decode
                0x0001e65c        0x8 obj\debug\nrf5_sdk_12.3.0_d7731ad\components\ble\common\ble_conn_state.o
 .text.sd_ble_uuid_encode
                0x0001e664        0x8 obj\debug\nrf5_sdk_12.3.0_d7731ad\components\ble\common\ble_conn_state.o
 .text.sd_ble_version_get
                0x0001e66c        0x8 obj\debug\nrf5_sdk_12.3.0_d7731ad\components\ble\common\ble_conn_state.o
 .text.sd_ble_user_mem_reply
                0x0001e674        0x8 obj\debug\nrf5_sdk_12.3.0_d7731ad\components\ble\common\ble_conn_state.o
 .text.sd_ble_opt_set
                0x0001e67c        0x8 obj\debug\nrf5_sdk_12.3.0_d7731ad\components\ble\common\ble_conn_state.o
 .text.sd_ble_opt_get
                0x0001e684        0x8 obj\debug\nrf5_sdk_12.3.0_d7731ad\components\ble\common\ble_conn_state.o
 .text.bcs_internal_state_reset
                0x0001e68c       0x1c obj\debug\nrf5_sdk_12.3.0_d7731ad\components\ble\common\ble_conn_state.o
                0x0001e68c                bcs_internal_state_reset
 .text.record_activate
                0x0001e6a8       0x80 obj\debug\nrf5_sdk_12.3.0_d7731ad\components\ble\common\ble_conn_state.o
 .text.record_invalidate
                0x0001e728       0x30 obj\debug\nrf5_sdk_12.3.0_d7731ad\components\ble\common\ble_conn_state.o
 .text.record_set_disconnected
                0x0001e758       0x2c obj\debug\nrf5_sdk_12.3.0_d7731ad\components\ble\common\ble_conn_state.o
 .text.record_purge_disconnected
                0x0001e784       0x74 obj\debug\nrf5_sdk_12.3.0_d7731ad\components\ble\common\ble_conn_state.o
 .text.user_flag_is_acquired
                0x0001e7f8       0x30 obj\debug\nrf5_sdk_12.3.0_d7731ad\components\ble\common\ble_conn_state.o
 .text.user_flag_acquire
                0x0001e828       0x2c obj\debug\nrf5_sdk_12.3.0_d7731ad\components\ble\common\ble_conn_state.o
 .text.ble_conn_state_init
                0x0001e854       0x10 obj\debug\nrf5_sdk_12.3.0_d7731ad\components\ble\common\ble_conn_state.o
                0x0001e854                ble_conn_state_init
 .text.ble_conn_state_on_ble_evt
                0x0001e864       0xcc obj\debug\nrf5_sdk_12.3.0_d7731ad\components\ble\common\ble_conn_state.o
                0x0001e864                ble_conn_state_on_ble_evt
 .text.ble_conn_state_valid
                0x0001e930       0x30 obj\debug\nrf5_sdk_12.3.0_d7731ad\components\ble\common\ble_conn_state.o
                0x0001e930                ble_conn_state_valid
 .text.ble_conn_state_role
                0x0001e960       0x6c obj\debug\nrf5_sdk_12.3.0_d7731ad\components\ble\common\ble_conn_state.o
                0x0001e960                ble_conn_state_role
 .text.ble_conn_state_status
                0x0001e9cc       0x7c obj\debug\nrf5_sdk_12.3.0_d7731ad\components\ble\common\ble_conn_state.o
                0x0001e9cc                ble_conn_state_status
 .text.ble_conn_state_encrypted
                0x0001ea48       0x30 obj\debug\nrf5_sdk_12.3.0_d7731ad\components\ble\common\ble_conn_state.o
                0x0001ea48                ble_conn_state_encrypted
 .text.ble_conn_state_mitm_protected
                0x0001ea78       0x30 obj\debug\nrf5_sdk_12.3.0_d7731ad\components\ble\common\ble_conn_state.o
                0x0001ea78                ble_conn_state_mitm_protected
 .text.ble_conn_state_n_connections
                0x0001eaa8       0x1c obj\debug\nrf5_sdk_12.3.0_d7731ad\components\ble\common\ble_conn_state.o
                0x0001eaa8                ble_conn_state_n_connections
 .text.ble_conn_state_n_centrals
                0x0001eac4       0x24 obj\debug\nrf5_sdk_12.3.0_d7731ad\components\ble\common\ble_conn_state.o
                0x0001eac4                ble_conn_state_n_centrals
 .text.ble_conn_state_n_peripherals
                0x0001eae8       0x2c obj\debug\nrf5_sdk_12.3.0_d7731ad\components\ble\common\ble_conn_state.o
                0x0001eae8                ble_conn_state_n_peripherals
 .text.ble_conn_state_conn_handles
                0x0001eb14       0x28 obj\debug\nrf5_sdk_12.3.0_d7731ad\components\ble\common\ble_conn_state.o
                0x0001eb14                ble_conn_state_conn_handles
 .text.ble_conn_state_central_handles
                0x0001eb3c       0x30 obj\debug\nrf5_sdk_12.3.0_d7731ad\components\ble\common\ble_conn_state.o
                0x0001eb3c                ble_conn_state_central_handles
 .text.ble_conn_state_periph_handles
                0x0001eb6c       0x38 obj\debug\nrf5_sdk_12.3.0_d7731ad\components\ble\common\ble_conn_state.o
                0x0001eb6c                ble_conn_state_periph_handles
 .text.ble_conn_state_user_flag_acquire
                0x0001eba4       0x54 obj\debug\nrf5_sdk_12.3.0_d7731ad\components\ble\common\ble_conn_state.o
                0x0001eba4                ble_conn_state_user_flag_acquire
 .text.ble_conn_state_user_flag_get
                0x0001ebf8       0x4c obj\debug\nrf5_sdk_12.3.0_d7731ad\components\ble\common\ble_conn_state.o
                0x0001ebf8                ble_conn_state_user_flag_get
 .text.ble_conn_state_user_flag_set
                0x0001ec44       0x5c obj\debug\nrf5_sdk_12.3.0_d7731ad\components\ble\common\ble_conn_state.o
                0x0001ec44                ble_conn_state_user_flag_set
 .text.ble_conn_state_user_flag_collection
                0x0001eca0       0x34 obj\debug\nrf5_sdk_12.3.0_d7731ad\components\ble\common\ble_conn_state.o
                0x0001eca0                ble_conn_state_user_flag_collection
 .text          0x0001ecd4        0x0 obj\debug\nrf5_sdk_12.3.0_d7731ad\components\ble\common\ble_srv_common.o
 .text.uint16_decode
                0x0001ecd4       0x28 obj\debug\nrf5_sdk_12.3.0_d7731ad\components\ble\common\ble_srv_common.o
 .text.sd_ble_gap_address_set
                0x0001ecfc        0x8 obj\debug\nrf5_sdk_12.3.0_d7731ad\components\ble\common\ble_srv_common.o
 .text.sd_ble_gap_address_get
                0x0001ed04        0x8 obj\debug\nrf5_sdk_12.3.0_d7731ad\components\ble\common\ble_srv_common.o
 .text.sd_ble_gap_adv_data_set
                0x0001ed0c        0x8 obj\debug\nrf5_sdk_12.3.0_d7731ad\components\ble\common\ble_srv_common.o
 .text.sd_ble_gap_adv_start
                0x0001ed14        0x8 obj\debug\nrf5_sdk_12.3.0_d7731ad\components\ble\common\ble_srv_common.o
 .text.sd_ble_gap_adv_stop
                0x0001ed1c        0x8 obj\debug\nrf5_sdk_12.3.0_d7731ad\components\ble\common\ble_srv_common.o
 .text.sd_ble_gap_conn_param_update
                0x0001ed24        0x8 obj\debug\nrf5_sdk_12.3.0_d7731ad\components\ble\common\ble_srv_common.o
 .text.sd_ble_gap_disconnect
                0x0001ed2c        0x8 obj\debug\nrf5_sdk_12.3.0_d7731ad\components\ble\common\ble_srv_common.o
 .text.sd_ble_gap_tx_power_set
                0x0001ed34        0x8 obj\debug\nrf5_sdk_12.3.0_d7731ad\components\ble\common\ble_srv_common.o
 .text.sd_ble_gap_appearance_set
                0x0001ed3c        0x8 obj\debug\nrf5_sdk_12.3.0_d7731ad\components\ble\common\ble_srv_common.o
 .text.sd_ble_gap_appearance_get
                0x0001ed44        0x8 obj\debug\nrf5_sdk_12.3.0_d7731ad\components\ble\common\ble_srv_common.o
 .text.sd_ble_gap_ppcp_set
                0x0001ed4c        0x8 obj\debug\nrf5_sdk_12.3.0_d7731ad\components\ble\common\ble_srv_common.o
 .text.sd_ble_gap_ppcp_get
                0x0001ed54        0x8 obj\debug\nrf5_sdk_12.3.0_d7731ad\components\ble\common\ble_srv_common.o
 .text.sd_ble_gap_device_name_set
                0x0001ed5c        0x8 obj\debug\nrf5_sdk_12.3.0_d7731ad\components\ble\common\ble_srv_common.o
 .text.sd_ble_gap_device_name_get
                0x0001ed64        0x8 obj\debug\nrf5_sdk_12.3.0_d7731ad\components\ble\common\ble_srv_common.o
 .text.sd_ble_gap_authenticate
                0x0001ed6c        0x8 obj\debug\nrf5_sdk_12.3.0_d7731ad\components\ble\common\ble_srv_common.o
 .text.sd_ble_gap_sec_params_reply
                0x0001ed74        0x8 obj\debug\nrf5_sdk_12.3.0_d7731ad\components\ble\common\ble_srv_common.o
 .text.sd_ble_gap_auth_key_reply
                0x0001ed7c        0x8 obj\debug\nrf5_sdk_12.3.0_d7731ad\components\ble\common\ble_srv_common.o
 .text.sd_ble_gap_lesc_dhkey_reply
                0x0001ed84        0x8 obj\debug\nrf5_sdk_12.3.0_d7731ad\components\ble\common\ble_srv_common.o
 .text.sd_ble_gap_keypress_notify
                0x0001ed8c        0x8 obj\debug\nrf5_sdk_12.3.0_d7731ad\components\ble\common\ble_srv_common.o
 .text.sd_ble_gap_lesc_oob_data_get
                0x0001ed94        0x8 obj\debug\nrf5_sdk_12.3.0_d7731ad\components\ble\common\ble_srv_common.o
 .text.sd_ble_gap_lesc_oob_data_set
                0x0001ed9c        0x8 obj\debug\nrf5_sdk_12.3.0_d7731ad\components\ble\common\ble_srv_common.o
 .text.sd_ble_gap_encrypt
                0x0001eda4        0x8 obj\debug\nrf5_sdk_12.3.0_d7731ad\components\ble\common\ble_srv_common.o
 .text.sd_ble_gap_sec_info_reply
                0x0001edac        0x8 obj\debug\nrf5_sdk_12.3.0_d7731ad\components\ble\common\ble_srv_common.o
 .text.sd_ble_gap_conn_sec_get
                0x0001edb4        0x8 obj\debug\nrf5_sdk_12.3.0_d7731ad\components\ble\common\ble_srv_common.o
 .text.sd_ble_gap_rssi_start
                0x0001edbc        0x8 obj\debug\nrf5_sdk_12.3.0_d7731ad\components\ble\common\ble_srv_common.o
 .text.sd_ble_gap_rssi_stop
                0x0001edc4        0x8 obj\debug\nrf5_sdk_12.3.0_d7731ad\components\ble\common\ble_srv_common.o
 .text.sd_ble_gap_rssi_get
                0x0001edcc        0x8 obj\debug\nrf5_sdk_12.3.0_d7731ad\components\ble\common\ble_srv_common.o
 .text.sd_ble_gap_scan_start
                0x0001edd4        0x8 obj\debug\nrf5_sdk_12.3.0_d7731ad\components\ble\common\ble_srv_common.o
 .text.sd_ble_gap_scan_stop
                0x0001eddc        0x8 obj\debug\nrf5_sdk_12.3.0_d7731ad\components\ble\common\ble_srv_common.o
 .text.sd_ble_gap_connect
                0x0001ede4        0x8 obj\debug\nrf5_sdk_12.3.0_d7731ad\components\ble\common\ble_srv_common.o
 .text.sd_ble_gap_connect_cancel
                0x0001edec        0x8 obj\debug\nrf5_sdk_12.3.0_d7731ad\components\ble\common\ble_srv_common.o
 .text.sd_ble_l2cap_cid_register
                0x0001edf4        0x8 obj\debug\nrf5_sdk_12.3.0_d7731ad\components\ble\common\ble_srv_common.o
 .text.sd_ble_l2cap_cid_unregister
                0x0001edfc        0x8 obj\debug\nrf5_sdk_12.3.0_d7731ad\components\ble\common\ble_srv_common.o
 .text.sd_ble_l2cap_tx
                0x0001ee04        0x8 obj\debug\nrf5_sdk_12.3.0_d7731ad\components\ble\common\ble_srv_common.o
 .text.sd_ble_gattc_primary_services_discover
                0x0001ee0c        0x8 obj\debug\nrf5_sdk_12.3.0_d7731ad\components\ble\common\ble_srv_common.o
 .text.sd_ble_gattc_relationships_discover
                0x0001ee14        0x8 obj\debug\nrf5_sdk_12.3.0_d7731ad\components\ble\common\ble_srv_common.o
 .text.sd_ble_gattc_characteristics_discover
                0x0001ee1c        0x8 obj\debug\nrf5_sdk_12.3.0_d7731ad\components\ble\common\ble_srv_common.o
 .text.sd_ble_gattc_descriptors_discover
                0x0001ee24        0x8 obj\debug\nrf5_sdk_12.3.0_d7731ad\components\ble\common\ble_srv_common.o
 .text.sd_ble_gattc_char_value_by_uuid_read
                0x0001ee2c        0x8 obj\debug\nrf5_sdk_12.3.0_d7731ad\components\ble\common\ble_srv_common.o
 .text.sd_ble_gattc_read
                0x0001ee34        0x8 obj\debug\nrf5_sdk_12.3.0_d7731ad\components\ble\common\ble_srv_common.o
 .text.sd_ble_gattc_char_values_read
                0x0001ee3c        0x8 obj\debug\nrf5_sdk_12.3.0_d7731ad\components\ble\common\ble_srv_common.o
 .text.sd_ble_gattc_write
                0x0001ee44        0x8 obj\debug\nrf5_sdk_12.3.0_d7731ad\components\ble\common\ble_srv_common.o
 .text.sd_ble_gattc_hv_confirm
                0x0001ee4c        0x8 obj\debug\nrf5_sdk_12.3.0_d7731ad\components\ble\common\ble_srv_common.o
 .text.sd_ble_gattc_attr_info_discover
                0x0001ee54        0x8 obj\debug\nrf5_sdk_12.3.0_d7731ad\components\ble\common\ble_srv_common.o
 .text.sd_ble_gatts_service_add
                0x0001ee5c        0x8 obj\debug\nrf5_sdk_12.3.0_d7731ad\components\ble\common\ble_srv_common.o
 .text.sd_ble_gatts_include_add
                0x0001ee64        0x8 obj\debug\nrf5_sdk_12.3.0_d7731ad\components\ble\common\ble_srv_common.o
 .text.sd_ble_gatts_characteristic_add
                0x0001ee6c        0x8 obj\debug\nrf5_sdk_12.3.0_d7731ad\components\ble\common\ble_srv_common.o
 .text.sd_ble_gatts_descriptor_add
                0x0001ee74        0x8 obj\debug\nrf5_sdk_12.3.0_d7731ad\components\ble\common\ble_srv_common.o
 .text.sd_ble_gatts_value_set
                0x0001ee7c        0x8 obj\debug\nrf5_sdk_12.3.0_d7731ad\components\ble\common\ble_srv_common.o
 .text.sd_ble_gatts_value_get
                0x0001ee84        0x8 obj\debug\nrf5_sdk_12.3.0_d7731ad\components\ble\common\ble_srv_common.o
 .text.sd_ble_gatts_hvx
                0x0001ee8c        0x8 obj\debug\nrf5_sdk_12.3.0_d7731ad\components\ble\common\ble_srv_common.o
 .text.sd_ble_gatts_service_changed
                0x0001ee94        0x8 obj\debug\nrf5_sdk_12.3.0_d7731ad\components\ble\common\ble_srv_common.o
 .text.sd_ble_gatts_rw_authorize_reply
                0x0001ee9c        0x8 obj\debug\nrf5_sdk_12.3.0_d7731ad\components\ble\common\ble_srv_common.o
 .text.sd_ble_gatts_sys_attr_set
                0x0001eea4        0x8 obj\debug\nrf5_sdk_12.3.0_d7731ad\components\ble\common\ble_srv_common.o
 .text.sd_ble_gatts_sys_attr_get
                0x0001eeac        0x8 obj\debug\nrf5_sdk_12.3.0_d7731ad\components\ble\common\ble_srv_common.o
 .text.sd_ble_gatts_initial_user_handle_get
                0x0001eeb4        0x8 obj\debug\nrf5_sdk_12.3.0_d7731ad\components\ble\common\ble_srv_common.o
 .text.sd_ble_gatts_attr_get
                0x0001eebc        0x8 obj\debug\nrf5_sdk_12.3.0_d7731ad\components\ble\common\ble_srv_common.o
 .text.sd_ble_enable
                0x0001eec4        0x8 obj\debug\nrf5_sdk_12.3.0_d7731ad\components\ble\common\ble_srv_common.o
 .text.sd_ble_evt_get
                0x0001eecc        0x8 obj\debug\nrf5_sdk_12.3.0_d7731ad\components\ble\common\ble_srv_common.o
 .text.sd_ble_tx_packet_count_get
                0x0001eed4        0x8 obj\debug\nrf5_sdk_12.3.0_d7731ad\components\ble\common\ble_srv_common.o
 .text.sd_ble_uuid_vs_add
                0x0001eedc        0x8 obj\debug\nrf5_sdk_12.3.0_d7731ad\components\ble\common\ble_srv_common.o
 .text.sd_ble_uuid_decode
                0x0001eee4        0x8 obj\debug\nrf5_sdk_12.3.0_d7731ad\components\ble\common\ble_srv_common.o
 .text.sd_ble_uuid_encode
                0x0001eeec        0x8 obj\debug\nrf5_sdk_12.3.0_d7731ad\components\ble\common\ble_srv_common.o
 .text.sd_ble_version_get
                0x0001eef4        0x8 obj\debug\nrf5_sdk_12.3.0_d7731ad\components\ble\common\ble_srv_common.o
 .text.sd_ble_user_mem_reply
                0x0001eefc        0x8 obj\debug\nrf5_sdk_12.3.0_d7731ad\components\ble\common\ble_srv_common.o
 .text.sd_ble_opt_set
                0x0001ef04        0x8 obj\debug\nrf5_sdk_12.3.0_d7731ad\components\ble\common\ble_srv_common.o
 .text.sd_ble_opt_get
                0x0001ef0c        0x8 obj\debug\nrf5_sdk_12.3.0_d7731ad\components\ble\common\ble_srv_common.o
 .text.ble_srv_is_notification_enabled
                0x0001ef14       0x30 obj\debug\nrf5_sdk_12.3.0_d7731ad\components\ble\common\ble_srv_common.o
                0x0001ef14                ble_srv_is_notification_enabled
 .text.ble_srv_is_indication_enabled
                0x0001ef44       0x30 obj\debug\nrf5_sdk_12.3.0_d7731ad\components\ble\common\ble_srv_common.o
                0x0001ef44                ble_srv_is_indication_enabled
 .text.ble_srv_report_ref_encode
                0x0001ef74       0x70 obj\debug\nrf5_sdk_12.3.0_d7731ad\components\ble\common\ble_srv_common.o
                0x0001ef74                ble_srv_report_ref_encode
 .text.ble_srv_ascii_to_utf8
                0x0001efe4       0x28 obj\debug\nrf5_sdk_12.3.0_d7731ad\components\ble\common\ble_srv_common.o
                0x0001efe4                ble_srv_ascii_to_utf8
 .text.set_security_req
                0x0001f00c      0x104 obj\debug\nrf5_sdk_12.3.0_d7731ad\components\ble\common\ble_srv_common.o
 .text.characteristic_add
                0x0001f110      0x318 obj\debug\nrf5_sdk_12.3.0_d7731ad\components\ble\common\ble_srv_common.o
                0x0001f110                characteristic_add
 .text.descriptor_add
                0x0001f428      0x154 obj\debug\nrf5_sdk_12.3.0_d7731ad\components\ble\common\ble_srv_common.o
                0x0001f428                descriptor_add
 .text          0x0001f57c        0x0 obj\debug\nrf5_sdk_12.3.0_d7731ad\components\ble\peer_manager\gatt_cache_manager.o
 .text.sd_ble_gap_address_set
                0x0001f57c        0x8 obj\debug\nrf5_sdk_12.3.0_d7731ad\components\ble\peer_manager\gatt_cache_manager.o
 .text.sd_ble_gap_address_get
                0x0001f584        0x8 obj\debug\nrf5_sdk_12.3.0_d7731ad\components\ble\peer_manager\gatt_cache_manager.o
 .text.sd_ble_gap_adv_data_set
                0x0001f58c        0x8 obj\debug\nrf5_sdk_12.3.0_d7731ad\components\ble\peer_manager\gatt_cache_manager.o
 .text.sd_ble_gap_adv_start
                0x0001f594        0x8 obj\debug\nrf5_sdk_12.3.0_d7731ad\components\ble\peer_manager\gatt_cache_manager.o
 .text.sd_ble_gap_adv_stop
                0x0001f59c        0x8 obj\debug\nrf5_sdk_12.3.0_d7731ad\components\ble\peer_manager\gatt_cache_manager.o
 .text.sd_ble_gap_conn_param_update
                0x0001f5a4        0x8 obj\debug\nrf5_sdk_12.3.0_d7731ad\components\ble\peer_manager\gatt_cache_manager.o
 .text.sd_ble_gap_disconnect
                0x0001f5ac        0x8 obj\debug\nrf5_sdk_12.3.0_d7731ad\components\ble\peer_manager\gatt_cache_manager.o
 .text.sd_ble_gap_tx_power_set
                0x0001f5b4        0x8 obj\debug\nrf5_sdk_12.3.0_d7731ad\components\ble\peer_manager\gatt_cache_manager.o
 .text.sd_ble_gap_appearance_set
                0x0001f5bc        0x8 obj\debug\nrf5_sdk_12.3.0_d7731ad\components\ble\peer_manager\gatt_cache_manager.o
 .text.sd_ble_gap_appearance_get
                0x0001f5c4        0x8 obj\debug\nrf5_sdk_12.3.0_d7731ad\components\ble\peer_manager\gatt_cache_manager.o
 .text.sd_ble_gap_ppcp_set
                0x0001f5cc        0x8 obj\debug\nrf5_sdk_12.3.0_d7731ad\components\ble\peer_manager\gatt_cache_manager.o
 .text.sd_ble_gap_ppcp_get
                0x0001f5d4        0x8 obj\debug\nrf5_sdk_12.3.0_d7731ad\components\ble\peer_manager\gatt_cache_manager.o
 .text.sd_ble_gap_device_name_set
                0x0001f5dc        0x8 obj\debug\nrf5_sdk_12.3.0_d7731ad\components\ble\peer_manager\gatt_cache_manager.o
 .text.sd_ble_gap_device_name_get
                0x0001f5e4        0x8 obj\debug\nrf5_sdk_12.3.0_d7731ad\components\ble\peer_manager\gatt_cache_manager.o
 .text.sd_ble_gap_authenticate
                0x0001f5ec        0x8 obj\debug\nrf5_sdk_12.3.0_d7731ad\components\ble\peer_manager\gatt_cache_manager.o
 .text.sd_ble_gap_sec_params_reply
                0x0001f5f4        0x8 obj\debug\nrf5_sdk_12.3.0_d7731ad\components\ble\peer_manager\gatt_cache_manager.o
 .text.sd_ble_gap_auth_key_reply
                0x0001f5fc        0x8 obj\debug\nrf5_sdk_12.3.0_d7731ad\components\ble\peer_manager\gatt_cache_manager.o
 .text.sd_ble_gap_lesc_dhkey_reply
                0x0001f604        0x8 obj\debug\nrf5_sdk_12.3.0_d7731ad\components\ble\peer_manager\gatt_cache_manager.o
 .text.sd_ble_gap_keypress_notify
                0x0001f60c        0x8 obj\debug\nrf5_sdk_12.3.0_d7731ad\components\ble\peer_manager\gatt_cache_manager.o
 .text.sd_ble_gap_lesc_oob_data_get
                0x0001f614        0x8 obj\debug\nrf5_sdk_12.3.0_d7731ad\components\ble\peer_manager\gatt_cache_manager.o
 .text.sd_ble_gap_lesc_oob_data_set
                0x0001f61c        0x8 obj\debug\nrf5_sdk_12.3.0_d7731ad\components\ble\peer_manager\gatt_cache_manager.o
 .text.sd_ble_gap_encrypt
                0x0001f624        0x8 obj\debug\nrf5_sdk_12.3.0_d7731ad\components\ble\peer_manager\gatt_cache_manager.o
 .text.sd_ble_gap_sec_info_reply
                0x0001f62c        0x8 obj\debug\nrf5_sdk_12.3.0_d7731ad\components\ble\peer_manager\gatt_cache_manager.o
 .text.sd_ble_gap_conn_sec_get
                0x0001f634        0x8 obj\debug\nrf5_sdk_12.3.0_d7731ad\components\ble\peer_manager\gatt_cache_manager.o
 .text.sd_ble_gap_rssi_start
                0x0001f63c        0x8 obj\debug\nrf5_sdk_12.3.0_d7731ad\components\ble\peer_manager\gatt_cache_manager.o
 .text.sd_ble_gap_rssi_stop
                0x0001f644        0x8 obj\debug\nrf5_sdk_12.3.0_d7731ad\components\ble\peer_manager\gatt_cache_manager.o
 .text.sd_ble_gap_rssi_get
                0x0001f64c        0x8 obj\debug\nrf5_sdk_12.3.0_d7731ad\components\ble\peer_manager\gatt_cache_manager.o
 .text.sd_ble_gap_scan_start
                0x0001f654        0x8 obj\debug\nrf5_sdk_12.3.0_d7731ad\components\ble\peer_manager\gatt_cache_manager.o
 .text.sd_ble_gap_scan_stop
                0x0001f65c        0x8 obj\debug\nrf5_sdk_12.3.0_d7731ad\components\ble\peer_manager\gatt_cache_manager.o
 .text.sd_ble_gap_connect
                0x0001f664        0x8 obj\debug\nrf5_sdk_12.3.0_d7731ad\components\ble\peer_manager\gatt_cache_manager.o
 .text.sd_ble_gap_connect_cancel
                0x0001f66c        0x8 obj\debug\nrf5_sdk_12.3.0_d7731ad\components\ble\peer_manager\gatt_cache_manager.o
 .text.sd_ble_l2cap_cid_register
                0x0001f674        0x8 obj\debug\nrf5_sdk_12.3.0_d7731ad\components\ble\peer_manager\gatt_cache_manager.o
 .text.sd_ble_l2cap_cid_unregister
                0x0001f67c        0x8 obj\debug\nrf5_sdk_12.3.0_d7731ad\components\ble\peer_manager\gatt_cache_manager.o
 .text.sd_ble_l2cap_tx
                0x0001f684        0x8 obj\debug\nrf5_sdk_12.3.0_d7731ad\components\ble\peer_manager\gatt_cache_manager.o
 .text.sd_ble_gattc_primary_services_discover
                0x0001f68c        0x8 obj\debug\nrf5_sdk_12.3.0_d7731ad\components\ble\peer_manager\gatt_cache_manager.o
 .text.sd_ble_gattc_relationships_discover
                0x0001f694        0x8 obj\debug\nrf5_sdk_12.3.0_d7731ad\components\ble\peer_manager\gatt_cache_manager.o
 .text.sd_ble_gattc_characteristics_discover
                0x0001f69c        0x8 obj\debug\nrf5_sdk_12.3.0_d7731ad\components\ble\peer_manager\gatt_cache_manager.o
 .text.sd_ble_gattc_descriptors_discover
                0x0001f6a4        0x8 obj\debug\nrf5_sdk_12.3.0_d7731ad\components\ble\peer_manager\gatt_cache_manager.o
 .text.sd_ble_gattc_char_value_by_uuid_read
                0x0001f6ac        0x8 obj\debug\nrf5_sdk_12.3.0_d7731ad\components\ble\peer_manager\gatt_cache_manager.o
 .text.sd_ble_gattc_read
                0x0001f6b4        0x8 obj\debug\nrf5_sdk_12.3.0_d7731ad\components\ble\peer_manager\gatt_cache_manager.o
 .text.sd_ble_gattc_char_values_read
                0x0001f6bc        0x8 obj\debug\nrf5_sdk_12.3.0_d7731ad\components\ble\peer_manager\gatt_cache_manager.o
 .text.sd_ble_gattc_write
                0x0001f6c4        0x8 obj\debug\nrf5_sdk_12.3.0_d7731ad\components\ble\peer_manager\gatt_cache_manager.o
 .text.sd_ble_gattc_hv_confirm
                0x0001f6cc        0x8 obj\debug\nrf5_sdk_12.3.0_d7731ad\components\ble\peer_manager\gatt_cache_manager.o
 .text.sd_ble_gattc_attr_info_discover
                0x0001f6d4        0x8 obj\debug\nrf5_sdk_12.3.0_d7731ad\components\ble\peer_manager\gatt_cache_manager.o
 .text.sd_ble_gatts_service_add
                0x0001f6dc        0x8 obj\debug\nrf5_sdk_12.3.0_d7731ad\components\ble\peer_manager\gatt_cache_manager.o
 .text.sd_ble_gatts_include_add
                0x0001f6e4        0x8 obj\debug\nrf5_sdk_12.3.0_d7731ad\components\ble\peer_manager\gatt_cache_manager.o
 .text.sd_ble_gatts_characteristic_add
                0x0001f6ec        0x8 obj\debug\nrf5_sdk_12.3.0_d7731ad\components\ble\peer_manager\gatt_cache_manager.o
 .text.sd_ble_gatts_descriptor_add
                0x0001f6f4        0x8 obj\debug\nrf5_sdk_12.3.0_d7731ad\components\ble\peer_manager\gatt_cache_manager.o
 .text.sd_ble_gatts_value_set
                0x0001f6fc        0x8 obj\debug\nrf5_sdk_12.3.0_d7731ad\components\ble\peer_manager\gatt_cache_manager.o
 .text.sd_ble_gatts_value_get
                0x0001f704        0x8 obj\debug\nrf5_sdk_12.3.0_d7731ad\components\ble\peer_manager\gatt_cache_manager.o
 .text.sd_ble_gatts_hvx
                0x0001f70c        0x8 obj\debug\nrf5_sdk_12.3.0_d7731ad\components\ble\peer_manager\gatt_cache_manager.o
 .text.sd_ble_gatts_service_changed
                0x0001f714        0x8 obj\debug\nrf5_sdk_12.3.0_d7731ad\components\ble\peer_manager\gatt_cache_manager.o
 .text.sd_ble_gatts_rw_authorize_reply
                0x0001f71c        0x8 obj\debug\nrf5_sdk_12.3.0_d7731ad\components\ble\peer_manager\gatt_cache_manager.o
 .text.sd_ble_gatts_sys_attr_set
                0x0001f724        0x8 obj\debug\nrf5_sdk_12.3.0_d7731ad\components\ble\peer_manager\gatt_cache_manager.o
 .text.sd_ble_gatts_sys_attr_get
                0x0001f72c        0x8 obj\debug\nrf5_sdk_12.3.0_d7731ad\components\ble\peer_manager\gatt_cache_manager.o
 .text.sd_ble_gatts_initial_user_handle_get
                0x0001f734        0x8 obj\debug\nrf5_sdk_12.3.0_d7731ad\components\ble\peer_manager\gatt_cache_manager.o
 .text.sd_ble_gatts_attr_get
                0x0001f73c        0x8 obj\debug\nrf5_sdk_12.3.0_d7731ad\components\ble\peer_manager\gatt_cache_manager.o
 .text.sd_ble_enable
                0x0001f744        0x8 obj\debug\nrf5_sdk_12.3.0_d7731ad\components\ble\peer_manager\gatt_cache_manager.o
 .text.sd_ble_evt_get
                0x0001f74c        0x8 obj\debug\nrf5_sdk_12.3.0_d7731ad\components\ble\peer_manager\gatt_cache_manager.o
 .text.sd_ble_tx_packet_count_get
                0x0001f754        0x8 obj\debug\nrf5_sdk_12.3.0_d7731ad\components\ble\peer_manager\gatt_cache_manager.o
 .text.sd_ble_uuid_vs_add
                0x0001f75c        0x8 obj\debug\nrf5_sdk_12.3.0_d7731ad\components\ble\peer_manager\gatt_cache_manager.o
 .text.sd_ble_uuid_decode
                0x0001f764        0x8 obj\debug\nrf5_sdk_12.3.0_d7731ad\components\ble\peer_manager\gatt_cache_manager.o
 .text.sd_ble_uuid_encode